###############################################################################
#
# IAR ELF Linker V8.20.1.14183/W32 for ARM                14/May/2020  16:36:43
# Copyright 2007-2017 IAR Systems AB.
#
#    Output file  =  
#        C:\ti\simplelink_cc2640r2_sdk_1_35_00_33\examples\rtos\CC2640R2_LAUNCHXL\blestack\fence_slave\tirtos\iar\app\FlashROM\Exe\simple_peripheral_cc2640r2lp_app.out
#    Map file     =  
#        C:\ti\simplelink_cc2640r2_sdk_1_35_00_33\examples\rtos\CC2640R2_LAUNCHXL\blestack\fence_slave\tirtos\iar\app\FlashROM\List\simple_peripheral_cc2640r2lp_app.map
#    Command line =  
#        -f C:\Users\³¯ÌÉ§¡\AppData\Local\Temp\EW6109.tmp
#        (C:\ti\simplelink_cc2640r2_sdk_1_35_00_33\examples\rtos\CC2640R2_LAUNCHXL\blestack\fence_slave\tirtos\iar\app\FlashROM\Obj\ble_user_config.o
#        C:\ti\simplelink_cc2640r2_sdk_1_35_00_33\examples\rtos\CC2640R2_LAUNCHXL\blestack\fence_slave\tirtos\iar\app\FlashROM\Obj\board.o
#        C:\ti\simplelink_cc2640r2_sdk_1_35_00_33\examples\rtos\CC2640R2_LAUNCHXL\blestack\fence_slave\tirtos\iar\app\FlashROM\Obj\bsp_i2c.o
#        C:\ti\simplelink_cc2640r2_sdk_1_35_00_33\examples\rtos\CC2640R2_LAUNCHXL\blestack\fence_slave\tirtos\iar\app\FlashROM\Obj\ccfg_app_ble.o
#        C:\ti\simplelink_cc2640r2_sdk_1_35_00_33\examples\rtos\CC2640R2_LAUNCHXL\blestack\fence_slave\tirtos\iar\app\FlashROM\Obj\devinfoservice.o
#        C:\ti\simplelink_cc2640r2_sdk_1_35_00_33\examples\rtos\CC2640R2_LAUNCHXL\blestack\fence_slave\tirtos\iar\app\FlashROM\Obj\ECCROMCC26XX.o
#        C:\ti\simplelink_cc2640r2_sdk_1_35_00_33\examples\rtos\CC2640R2_LAUNCHXL\blestack\fence_slave\tirtos\iar\app\FlashROM\Obj\gatt_uuid.o
#        C:\ti\simplelink_cc2640r2_sdk_1_35_00_33\examples\rtos\CC2640R2_LAUNCHXL\blestack\fence_slave\tirtos\iar\app\FlashROM\Obj\gattservapp_util.o
#        C:\ti\simplelink_cc2640r2_sdk_1_35_00_33\examples\rtos\CC2640R2_LAUNCHXL\blestack\fence_slave\tirtos\iar\app\FlashROM\Obj\icall.o
#        C:\ti\simplelink_cc2640r2_sdk_1_35_00_33\examples\rtos\CC2640R2_LAUNCHXL\blestack\fence_slave\tirtos\iar\app\FlashROM\Obj\icall_api_lite.o
#        C:\ti\simplelink_cc2640r2_sdk_1_35_00_33\examples\rtos\CC2640R2_LAUNCHXL\blestack\fence_slave\tirtos\iar\app\FlashROM\Obj\icall_cc2650.o
#        C:\ti\simplelink_cc2640r2_sdk_1_35_00_33\examples\rtos\CC2640R2_LAUNCHXL\blestack\fence_slave\tirtos\iar\app\FlashROM\Obj\icall_user_config.o
#        C:\ti\simplelink_cc2640r2_sdk_1_35_00_33\examples\rtos\CC2640R2_LAUNCHXL\blestack\fence_slave\tirtos\iar\app\FlashROM\Obj\main.o
#        C:\ti\simplelink_cc2640r2_sdk_1_35_00_33\examples\rtos\CC2640R2_LAUNCHXL\blestack\fence_slave\tirtos\iar\app\FlashROM\Obj\oad.o
#        C:\ti\simplelink_cc2640r2_sdk_1_35_00_33\examples\rtos\CC2640R2_LAUNCHXL\blestack\fence_slave\tirtos\iar\app\FlashROM\Obj\oad_reset_service.o
#        C:\ti\simplelink_cc2640r2_sdk_1_35_00_33\examples\rtos\CC2640R2_LAUNCHXL\blestack\fence_slave\tirtos\iar\app\FlashROM\Obj\oad_target_internal_flash.o
#        C:\ti\simplelink_cc2640r2_sdk_1_35_00_33\examples\rtos\CC2640R2_LAUNCHXL\blestack\fence_slave\tirtos\iar\app\FlashROM\Obj\peripheral.o
#        C:\ti\simplelink_cc2640r2_sdk_1_35_00_33\examples\rtos\CC2640R2_LAUNCHXL\blestack\fence_slave\tirtos\iar\app\FlashROM\Obj\rtc_clock.o
#        C:\ti\simplelink_cc2640r2_sdk_1_35_00_33\examples\rtos\CC2640R2_LAUNCHXL\blestack\fence_slave\tirtos\iar\app\FlashROM\Obj\simple_gatt_profile.o
#        C:\ti\simplelink_cc2640r2_sdk_1_35_00_33\examples\rtos\CC2640R2_LAUNCHXL\blestack\fence_slave\tirtos\iar\app\FlashROM\Obj\simple_peripheral.o
#        C:\ti\simplelink_cc2640r2_sdk_1_35_00_33\examples\rtos\CC2640R2_LAUNCHXL\blestack\fence_slave\tirtos\iar\app\FlashROM\Obj\TRNGCC26XX.o
#        C:\ti\simplelink_cc2640r2_sdk_1_35_00_33\examples\rtos\CC2640R2_LAUNCHXL\blestack\fence_slave\tirtos\iar\app\FlashROM\Obj\util.o
#        -o
#        C:\ti\simplelink_cc2640r2_sdk_1_35_00_33\examples\rtos\CC2640R2_LAUNCHXL\blestack\fence_slave\tirtos\iar\app\FlashROM\Exe\simple_peripheral_cc2640r2lp_app.out
#        --config_def CC2650=2 --map
#        C:\ti\simplelink_cc2640r2_sdk_1_35_00_33\examples\rtos\CC2640R2_LAUNCHXL\blestack\fence_slave\tirtos\iar\app\FlashROM\List\simple_peripheral_cc2640r2lp_app.map
#        --config
#        C:\ti11\simplelink_cc2640r2_sdk_1_35_00_33\source\ti\blestack\common\cc26xx\iar\cc26xx_app.icf
#        --keep __vector_table -f
#        C:\ti\simplelink_cc2640r2_sdk_1_35_00_33\examples\rtos\CC2640R2_LAUNCHXL\blestack\fence_slave\tirtos\iar\app\..\config\configPkg\linker.cmd
#        (C:\ti\simplelink_cc2640r2_sdk_1_35_00_33\examples\rtos\CC2640R2_LAUNCHXL\blestack\fence_slave\tirtos\iar\config\configPkg\package\cfg\app_ble_prm3.orm3
#        C:\ti\simplelink_cc2640r2_sdk_1_35_00_33\examples\rtos\CC2640R2_LAUNCHXL\blestack\fence_slave\tirtos\iar\config\src\sysbios\rom_sysbios.arm3
#        C:\ti\simplelink_cc2640r2_sdk_1_35_00_33\kernel\tirtos\packages\iar\targets\arm\rts\lib\release\boot.arm3
#        --entry __iar_program_start --keep __vector_table --define_symbol
#        ti_sysbios_family_arm_m3_Hwi_nvic=0xe000e000 --keep
#        xdc_runtime_Error_policy__C --keep
#        xdc_runtime_IModule_Interface__BASE__C --keep
#        xdc_runtime_Startup_lastFxns__C --keep
#        ti_sysbios_knl_Event_Object__DESC__C --keep
#        ti_sysbios_gates_GateMutex_Object__DESC__C --keep
#        ti_sysbios_rom_ROM_ti_sysbios_family_arm_cc26xx_Timer_initDevice__I
#        --keep xdc_runtime_Startup_execImpl__C --keep
#        ti_sysbios_rom_ROM_ti_sysbios_family_arm_cc26xx_Timer_getMaxTicks__E
#        --keep ti_sysbios_knl_Swi_Object__count__C --keep
#        ti_sysbios_knl_Idle_funcList__C --keep xdc_runtime_Text_isLoaded__C
#        --keep ti_sysbios_knl_Clock_Object__DESC__C --keep
#        ti_sysbios_knl_Semaphore_eventSync__C --keep
#        ti_sysbios_gates_GateMutex_Module__FXNS__C --keep
#        ti_sysbios_family_arm_m3_Hwi_Module__id__C --keep
#        ti_sysbios_family_arm_cc26xx_Timer_Module__id__C --keep
#        ti_sysbios_knl_Mailbox_Object__table__C --keep
#        ti_sysbios_family_arm_m3_Hwi_Object__table__C --keep
#        ti_sysbios_knl_Swi_Object__DESC__C --keep xdc_runtime_Text_charCnt__C
#        --keep xdc_runtime_Error_raiseHook__C --keep
#        ti_sysbios_rom_ROM_ti_sysbios_family_arm_cc26xx_Timer_start__E --keep
#        ti_sysbios_heaps_HeapMem_Object__table__C --keep
#        xdc_runtime_Error_policyFxn__C --keep
#        ti_sysbios_rom_ROM_ti_sysbios_family_arm_cc26xx_Timer_getCount64__E
#        --keep xdc_runtime_Startup_firstFxns__C --keep
#        xdc_runtime_Text_charTab__C --keep
#        ti_sysbios_rom_ROM_ti_sysbios_family_arm_cc26xx_TimestampProvider_get32__E
#        --keep xdc_runtime_Error_maxDepth__C --keep
#        ti_sysbios_rom_ROM_ti_sysbios_family_arm_cc26xx_Timer_getCurrentTick__E
#        --keep ti_sysbios_family_arm_m3_TaskSupport_stackAlignment__C --keep
#        ti_sysbios_family_arm_m3_Hwi_NUM_INTERRUPTS__C --keep
#        ti_sysbios_knl_Clock_triggerClock__C --keep
#        ti_sysbios_knl_Swi_Object__table__C --keep
#        xdc_runtime_Memory_Module__id__C --keep
#        ti_sysbios_heaps_HeapMem_Module__gateObj__C --keep
#        ti_sysbios_family_arm_cc26xx_Timer_startupNeeded__C --keep
#        ti_sysbios_knl_Queue_Object__DESC__C --keep
#        ti_sysbios_knl_Task_Object__DESC__C --keep
#        xdc_runtime_Assert_E_assertFailed__C --keep
#        ti_sysbios_gates_GateHwi_Module__id__C --keep
#        xdc_runtime_IHeap_Interface__BASE__C --keep
#        xdc_runtime_SysCallback_exitFxn__C --keep
#        ti_sysbios_heaps_HeapMem_Module__id__C --keep
#        ti_sysbios_family_arm_m3_Hwi_excHandlerFunc__C --keep
#        ti_sysbios_heaps_HeapMem_Module__FXNS__C --keep
#        xdc_runtime_System_maxAtexitHandlers__C --keep
#        ti_sysbios_knl_Queue_Object__count__C --keep
#        ti_sysbios_knl_Task_Object__table__C --keep
#        ti_sysbios_knl_Mailbox_Object__DESC__C --keep
#        ti_sysbios_family_arm_m3_Hwi_nullIsrFunc__C --keep
#        ti_sysbios_knl_Clock_tickMode__C --keep
#        ti_sysbios_gates_GateMutex_Module__id__C --keep
#        ti_sysbios_knl_Swi_numPriorities__C --keep
#        ti_sysbios_knl_Task_numConstructedTasks__C --keep
#        xdc_runtime_Startup_maxPasses__C --keep
#        ti_sysbios_knl_Task_initStackFlag__C --keep
#        xdc_runtime_System_abortFxn__C --keep
#        ti_sysbios_gates_GateHwi_Module__FXNS__C --keep
#        ti_sysbios_hal_Hwi_Object__DESC__C --keep
#        ti_sysbios_family_arm_m3_Hwi_priGroup__C --keep
#        xdc_runtime_Error_E_memory__C --keep
#        ti_sysbios_family_arm_m3_Hwi_E_alreadyDefined__C --keep
#        ti_sysbios_knl_Queue_Object__table__C --keep
#        ti_sysbios_knl_Semaphore_eventPost__C --keep
#        xdc_runtime_System_exitFxn__C --keep
#        ti_sysbios_rom_ROM_ti_sysbios_family_arm_cc26xx_Timer_setNextTick__E
#        --keep ti_sysbios_heaps_HeapMem_reqAlign__C --keep
#        xdc_runtime_Startup_sfxnRts__C --keep
#        ti_sysbios_knl_Semaphore_Object__DESC__C --keep
#        ti_sysbios_gates_GateHwi_Object__DESC__C --keep
#        ti_sysbios_heaps_HeapMem_Object__count__C --keep
#        ti_sysbios_family_arm_m3_Hwi_numSparseInterrupts__C --keep
#        ti_sysbios_knl_Mailbox_maxTypeAlign__C --keep
#        ti_sysbios_family_arm_cc26xx_TimestampProvider_useClockTimer__C --keep
#        ti_sysbios_rom_ROM_xdc_runtime_System_SupportProxy_exit__E --keep
#        ti_sysbios_knl_Task_allBlockedFunc__C --keep
#        ti_sysbios_rom_ROM_xdc_runtime_System_SupportProxy_abort__E --keep
#        ti_sysbios_knl_Mailbox_Object__count__C --keep
#        xdc_runtime_Text_nameStatic__C --keep
#        ti_sysbios_rom_ROM_xdc_runtime_Startup_getState__I --keep
#        ti_sysbios_knl_Task_defaultStackSize__C --keep
#        xdc_runtime_IGateProvider_Interface__BASE__C --keep
#        ti_sysbios_family_arm_m3_Hwi_E_hwiLimitExceeded__C --keep
#        xdc_runtime_Startup_startModsFxn__C --keep
#        ti_sysbios_family_arm_m3_Hwi_Object__DESC__C --keep
#        xdc_runtime_Text_nameEmpty__C --keep
#        ti_sysbios_family_arm_m3_Hwi_Object__count__C --keep
#        xdc_runtime_SysCallback_abortFxn__C --keep
#        ti_sysbios_knl_Task_defaultStackHeap__C --keep
#        ti_sysbios_family_arm_m3_Hwi_ccr__C --keep
#        ti_sysbios_heaps_HeapMem_E_memory__C --keep
#        ti_sysbios_knl_Task_Object__count__C --keep
#        ti_sysbios_heaps_HeapMem_Object__DESC__C --keep
#        xdc_runtime_Text_nameUnknown__C --keep
#        xdc_runtime_Memory_defaultHeapInstance__C --keep
#        ti_sysbios_rom_ROM_ti_sysbios_family_arm_cc26xx_Timer_setThreshold__I
#        --keep xdc_runtime_Startup_sfxnTab__C --keep
#        ti_sysbios_knl_Clock_Module__state__V --keep
#        ti_sysbios_family_arm_cc26xx_TimestampProvider_Module__state__V --keep
#        xdc_runtime_Startup_Module__state__V --keep
#        ti_sysbios_BIOS_Module__state__V --keep
#        ti_sysbios_knl_Swi_Module__state__V --keep
#        ti_sysbios_knl_Task_Module__state__V --keep
#        xdc_runtime_Memory_Module__state__V --keep
#        xdc_runtime_System_Module__state__V --keep
#        ti_sysbios_family_arm_m3_Hwi_Module__state__V --keep
#        xdc_runtime_Error_Module__state__V --keep
#        ti_sysbios_family_arm_cc26xx_Timer_Module__state__V --define_symbol
#        memcpy=0x1001cb39 --define_symbol memset=0x1001cb51 --define_symbol
#        ti_sysbios_BIOS_RtsGateProxy_query__E=0x1001c0bd --define_symbol
#        ti_sysbios_knl_Queue_get__E=0x1001bd19 --define_symbol
#        ti_sysbios_knl_Swi_enabled__E=0x1001bf21 --define_symbol
#        ti_sysbios_knl_Clock_scheduleNextTick__E=0x1001bca9 --define_symbol
#        ti_sysbios_knl_Swi_runLoop__I=0x1001adc9 --define_symbol
#        ti_sysbios_knl_Clock_getTicks__E=0x1001b29d --define_symbol
#        xdc_runtime_Memory_HeapProxy_Object__delete__S=0x1001ba59
#        --define_symbol
#        ti_sysbios_gates_GateMutex_Object__destruct__S=0x1001b9f9
#        --define_symbol ti_sysbios_knl_Queue_enqueue__E=0x1001bffd
#        --define_symbol ti_sysbios_knl_Queue_put__E=0x1001bd35 --define_symbol
#        ti_sysbios_family_arm_m3_Hwi_Object__create__S=0x1001a7b9
#        --define_symbol ti_sysbios_gates_GateHwi_Instance_init__E=0x1001b153
#        --define_symbol ti_sysbios_hal_Hwi_Instance_finalize__E=0x1001c039
#        --define_symbol ti_sysbios_BIOS_RtsGateProxy_leave__E=0x1001c095
#        --define_symbol ti_sysbios_heaps_HeapMem_Object__create__S=0x1001b599
#        --define_symbol xdc_runtime_Error_raiseX__E=0x1001c66d --define_symbol
#        ti_sysbios_hal_Hwi_getStackInfo__E=0x1001b099 --define_symbol
#        ti_sysbios_knl_Semaphore_construct=0x1001b45d --define_symbol
#        ti_sysbios_knl_Clock_Object__destruct__S=0x1001ba99 --define_symbol
#        ti_sysbios_knl_Clock_TimerProxy_getMaxTicks__E=0x1001bef1
#        --define_symbol ti_sysbios_knl_Swi_Object__destruct__S=0x1001bd51
#        --define_symbol
#        ti_sysbios_family_arm_cc26xx_TimestampProvider_getFreq__E=0x1001bf6b
#        --define_symbol ti_sysbios_gates_GateMutex_Handle__label__S=0x1001b9d9
#        --define_symbol ti_sysbios_knl_Mailbox_delete=0x1001c0f1
#        --define_symbol ti_sysbios_knl_Semaphore_destruct=0x1001c10d
#        --define_symbol ti_sysbios_BIOS_RtsGateProxy_enter__E=0x1001c091
#        --define_symbol ti_sysbios_knl_Task_processVitalTaskFlag__I=0x1001b48d
#        --define_symbol ti_sysbios_knl_Mailbox_create=0x1001a945
#        --define_symbol xdc_runtime_Core_deleteObject__I=0x1001c3b5
#        --define_symbol ti_sysbios_knl_Queue_delete=0x1001c0f9 --define_symbol
#        ti_sysbios_family_arm_m3_Hwi_doSwiRestore__I=0x1001c043
#        --define_symbol xdc_runtime_Timestamp_getFreq__E=0x1001bf6b
#        --define_symbol ti_sysbios_knl_Event_Instance_init__E=0x1001be49
#        --define_symbol xdc_runtime_System_atexit__E=0x1001c581
#        --define_symbol ti_sysbios_gates_GateMutex_Params__init__S=0x1001bfb5
#        --define_symbol ti_sysbios_knl_Clock_getTimerHandle__E=0x1001bfcd
#        --define_symbol ti_sysbios_knl_Task_enable__E=0x1001c08b
#        --define_symbol
#        ti_sysbios_knl_Clock_TimerProxy_getExpiredTicks__E=0x1001c0d1
#        --define_symbol xdc_runtime_Timestamp_SupportProxy_get64__E=0x1001b77d
#        --define_symbol ti_sysbios_knl_Queue_Object__destruct__S=0x1001bcfd
#        --define_symbol ti_sysbios_knl_Clock_Object__delete__S=0x1001b8b1
#        --define_symbol ti_sysbios_gates_GateMutex_delete=0x1001c0b5
#        --define_symbol ti_sysbios_heaps_HeapMem_restore__E=0x1001bf41
#        --define_symbol
#        ti_sysbios_BIOS_RtsGateProxy_Object__delete__S=0x1001b88d
#        --define_symbol ti_sysbios_knl_Swi_create=0x1001ac1d --define_symbol
#        ti_sysbios_heaps_HeapMem_Module_GateProxy_leave__E=0x1001c0cd
#        --define_symbol ti_sysbios_knl_Semaphore_pend__E=0x10019b05
#        --define_symbol ti_sysbios_knl_Mailbox_Instance_finalize__E=0x1001a4c5
#        --define_symbol xdc_runtime_Startup_startMods__I=0x1001c129
#        --define_symbol ti_sysbios_heaps_HeapMem_init__I=0x1001b235
#        --define_symbol ti_sysbios_knl_Swi_Object__delete__S=0x1001bbb9
#        --define_symbol
#        ti_sysbios_hal_Hwi_HwiProxy_enableInterrupt__E=0x1001af89
#        --define_symbol ti_sysbios_knl_Clock_removeI__E=0x1001c0e1
#        --define_symbol xdc_runtime_System_abort__E=0x1001c64d --define_symbol
#        ti_sysbios_family_arm_m3_Hwi_dispatchC__I=0x1001a81d --define_symbol
#        ti_sysbios_knl_Swi_construct=0x1001ad79 --define_symbol
#        ti_sysbios_knl_Task_sleepTimeout__I=0x1001bda5 --define_symbol
#        ti_sysbios_knl_Queue_remove__E=0x1001bf5d --define_symbol
#        ti_sysbios_knl_Semaphore_Instance_finalize__E=0x1001b7cd
#        --define_symbol ti_sysbios_gates_GateMutex_destruct=0x1001c0b9
#        --define_symbol
#        ti_sysbios_knl_Task_SupportProxy_Module__startupDone__S=0x1001c0ad
#        --define_symbol ti_sysbios_knl_Queue_Object__delete__S=0x1001bb59
#        --define_symbol ti_sysbios_knl_Mailbox_Object__get__S=0x1001b649
#        --define_symbol
#        ti_sysbios_family_arm_m3_Hwi_Instance_init__E=0x10019fc1
#        --define_symbol ti_sysbios_knl_Clock_delete=0x1001c0d9 --define_symbol
#        ti_sysbios_knl_Clock_walkQueueDynamic__E=0x1001a2f1 --define_symbol
#        ti_sysbios_knl_Mailbox_Object__destruct__S=0x1001bce1 --define_symbol
#        ti_sysbios_knl_Mailbox_post__E=0x1001a0ed --define_symbol
#        ti_sysbios_knl_Clock_Instance_init__E=0x1001b1c5 --define_symbol
#        ti_sysbios_knl_Event_construct=0x1001b5f1 --define_symbol
#        ti_sysbios_knl_Task_allBlockedFunction__I=0x1001b055 --define_symbol
#        ti_sysbios_knl_Task_postInit__I=0x1001a271 --define_symbol
#        ti_sysbios_knl_Task_enter__I=0x1001bd89 --define_symbol
#        ti_sysbios_hal_Hwi_switchFromBootStack__E=0x1001be35 --define_symbol
#        ti_sysbios_knl_Semaphore_Object__destruct__S=0x1001bb99
#        --define_symbol
#        ti_sysbios_hal_Hwi_HwiProxy_Object__create__S=0x1001bed1
#        --define_symbol
#        ti_sysbios_family_arm_cc26xx_Timer_postInit__I=0x1001b4bd
#        --define_symbol ti_sysbios_knl_Swi_Module_startup__E=0x1001c07f
#        --define_symbol
#        ti_sysbios_gates_GateMutex_Instance_finalize__E=0x1001bec1
#        --define_symbol ti_sysbios_hal_Hwi_startup__E=0x1001c04b
#        --define_symbol xdc_runtime_Core_assignParams__I=0x1001c4ad
#        --define_symbol
#        ti_sysbios_hal_Hwi_HwiProxy_switchFromBootStack__E=0x1001be35
#        --define_symbol
#        ti_sysbios_heaps_HeapMem_allocUnprotected__E=0x1001a615
#        --define_symbol ti_sysbios_knl_Swi_post__E=0x1001b011 --define_symbol
#        ti_sysbios_hal_Hwi_initStack=0x1001b56d --define_symbol
#        xdc_runtime_Memory_alloc__E=0x1001c349 --define_symbol
#        ti_sysbios_knl_Queue_next__E=0x1001c105 --define_symbol
#        ti_sysbios_knl_Event_destruct=0x1001c0ed --define_symbol
#        ti_sysbios_knl_Clock_Instance_finalize__E=0x1001be09 --define_symbol
#        ti_sysbios_knl_Queue_elemClear__E=0x1001c079 --define_symbol
#        ti_sysbios_knl_Clock_TimerProxy_startup__E=0x1001b4e9 --define_symbol
#        ti_sysbios_knl_Clock_Params__init__S=0x1001bfc1 --define_symbol
#        ti_sysbios_knl_Task_Instance_init__E=0x10019ce1 --define_symbol
#        ti_sysbios_hal_Hwi_HwiProxy_startup__E=0x1001c04b --define_symbol
#        ti_sysbios_knl_Task_self__E=0x1001c02d --define_symbol
#        ti_sysbios_knl_Task_startup__E=0x1001c125 --define_symbol
#        ti_sysbios_gates_GateHwi_Object__delete__S=0x1001b9b9 --define_symbol
#        ti_sysbios_family_arm_cc26xx_Timer_startup__E=0x1001b4e9
#        --define_symbol xdc_runtime_Memory_free__E=0x1001c705 --define_symbol
#        ti_sysbios_knl_Clock_triggerFunc__I=0x1001bdbf --define_symbol
#        ti_sysbios_hal_Hwi_delete=0x1001c0c5 --define_symbol
#        ti_sysbios_knl_Queue_Instance_init__E=0x1001c073 --define_symbol
#        ti_sysbios_knl_Event_delete=0x1001c0e9 --define_symbol
#        ti_sysbios_BIOS_RtsGateProxy_Handle__label__S=0x1001b9d9
#        --define_symbol
#        ti_sysbios_family_arm_cc26xx_Timer_Module_startup__E=0x1001b845
#        --define_symbol ti_sysbios_knl_Event_Object__delete__S=0x1001bad9
#        --define_symbol xdc_runtime_Assert_raise__I=0x1001c465 --define_symbol
#        ti_sysbios_hal_Hwi_create=0x1001a881 --define_symbol
#        ti_sysbios_knl_Task_destruct=0x1001c121 --define_symbol
#        ti_sysbios_hal_Hwi_Module_startup__E=0x1001be5d --define_symbol
#        ti_sysbios_family_arm_m3_Hwi_excHandler__I=0x1001b979 --define_symbol
#        xdc_runtime_Core_destructObject__I=0x1001c6a5 --define_symbol
#        ti_sysbios_knl_Swi_disable__E=0x1001bf11 --define_symbol
#        ti_sysbios_BIOS_setThreadType__E=0x1001bea1 --define_symbol
#        ti_sysbios_knl_Task_disable__E=0x1001bf31 --define_symbol
#        ti_sysbios_knl_Swi_Instance_init__E=0x1001a9a5 --define_symbol
#        ti_sysbios_knl_Semaphore_pendTimeout__I=0x1001b6f9 --define_symbol
#        ti_sysbios_knl_Clock_create=0x1001b1fd --define_symbol
#        ti_sysbios_knl_Idle_loop__E=0x1001c053 --define_symbol
#        ti_sysbios_gates_GateHwi_leave__E=0x1001c067 --define_symbol
#        ti_sysbios_family_arm_m3_Hwi_enableInterrupt__E=0x1001af89
#        --define_symbol ti_sysbios_knl_Semaphore_Params__init__S=0x1001c009
#        --define_symbol ti_sysbios_knl_Event_pend__E=0x10019bf9
#        --define_symbol ti_sysbios_knl_Task_unblock__E=0x1001bdf1
#        --define_symbol ti_sysbios_knl_Swi_destruct=0x1001c115 --define_symbol
#        ti_sysbios_knl_Event_sync__E=0x1001be6f --define_symbol
#        ti_sysbios_BIOS_getCpuFreq__E=0x1001be91 --define_symbol
#        xdc_runtime_Memory_calloc__E=0x1001c751 --define_symbol
#        ti_sysbios_family_arm_m3_Hwi_startup__E=0x1001c04b --define_symbol
#        xdc_runtime_System_Module_GateProxy_Handle__label__S=0x1001b999
#        --define_symbol xdc_runtime_SysCallback_exit__E=0x1001c725
#        --define_symbol ti_sysbios_hal_Hwi_HwiProxy_Params__init__S=0x1001bf79
#        --define_symbol ti_sysbios_knl_Queue_empty__E=0x1001bf4f
#        --define_symbol ti_sysbios_knl_Clock_logTick__E=0x1001b843
#        --define_symbol ti_sysbios_knl_Event_Params__init__S=0x1001bfd9
#        --define_symbol ti_sysbios_knl_Task_yield__E=0x1001b0d9
#        --define_symbol
#        ti_sysbios_knl_Task_SupportProxy_getStackAlignment__E=0x1001bf9d
#        --define_symbol ti_sysbios_family_arm_m3_Hwi_create=0x1001a8e5
#        --define_symbol xdc_runtime_Timestamp_SupportProxy_get32__E=0x1001c735
#        --define_symbol ti_sysbios_family_arm_m3_Hwi_destruct=0x1001c0a9
#        --define_symbol xdc_runtime_Timestamp_get32__E=0x1001c735
#        --define_symbol ti_sysbios_knl_Clock_stop__E=0x1001bab9
#        --define_symbol
#        ti_sysbios_family_arm_m3_Hwi_doTaskRestore__I=0x1001c05b
#        --define_symbol
#        ti_sysbios_BIOS_linkedWithIncorrectBootLibrary__E=0x1001a683
#        --define_symbol ti_sysbios_knl_Swi_run__I=0x1001ac75 --define_symbol
#        ti_sysbios_family_arm_cc26xx_Timer_Module__startupDone__S=0x1001b8f9
#        --define_symbol xdc_runtime_Core_createObject__I=0x1001c2c9
#        --define_symbol ti_sysbios_knl_Queue_create=0x1001b6cd --define_symbol
#        ti_sysbios_hal_Hwi_Object__delete__S=0x1001ba19 --define_symbol
#        ti_sysbios_knl_Clock_construct=0x1001b269 --define_symbol
#        xdc_runtime_System_abortSpin__E=0x1001c7a1 --define_symbol
#        ti_sysbios_family_arm_m3_Hwi_Object__destruct__S=0x1001bc39
#        --define_symbol ti_sysbios_hal_Hwi_HwiProxy_delete=0x1001c0c1
#        --define_symbol
#        ti_sysbios_gates_GateMutex_Object__create__S=0x1001b36d
#        --define_symbol
#        ti_sysbios_family_arm_m3_Hwi_getStackInfo__E=0x1001b099
#        --define_symbol
#        ti_sysbios_heaps_HeapMem_Module_GateProxy_enter__E=0x1001c0c9
#        --define_symbol ti_sysbios_knl_Semaphore_post__E=0x1001a3e1
#        --define_symbol ti_sysbios_knl_Task_exit__E=0x1001b119 --define_symbol
#        ti_sysbios_heaps_HeapMem_Instance_init__E=0x1001b18d --define_symbol
#        ti_sysbios_knl_Swi_restore__E=0x1001b305 --define_symbol
#        ti_sysbios_knl_Task_startCore__E=0x1001aa61 --define_symbol
#        ti_sysbios_knl_Semaphore_create=0x1001b2d1 --define_symbol
#        ti_sysbios_gates_GateHwi_enter__E=0x1001bfa9 --define_symbol
#        ti_sysbios_knl_Task_blockI__E=0x1001b339 --define_symbol
#        ti_sysbios_heaps_HeapMem_free__E=0x1001b3fd --define_symbol
#        ti_sysbios_knl_Task_Object__destruct__S=0x1001bd6d --define_symbol
#        ti_sysbios_hal_Hwi_enableInterrupt__E=0x1001af89 --define_symbol
#        ti_sysbios_family_arm_cc26xx_Timer_periodicStub__E=0x10019f25
#        --define_symbol ti_sysbios_hal_Hwi_Instance_init__E=0x1001b81d
#        --define_symbol ti_sysbios_gates_GateHwi_query__E=0x1001c0b1
#        --define_symbol xdc_runtime_System_processAtExit__E=0x1001c5ed
#        --define_symbol
#        ti_sysbios_family_arm_cc26xx_Timer_setPeriod__E=0x1001c0a1
#        --define_symbol ti_sysbios_knl_Semaphore_Instance_init__E=0x1001a685
#        --define_symbol
#        xdc_runtime_System_Module_GateProxy_Object__delete__S=0x1001b9b9
#        --define_symbol
#        xdc_runtime_Memory_HeapProxy_Handle__label__S=0x1001ba39
#        --define_symbol ti_sysbios_knl_Queue_head__E=0x1001c101
#        --define_symbol
#        xdc_runtime_Timestamp_SupportProxy_getFreq__E=0x1001bf6b
#        --define_symbol xdc_runtime_Error_check__E=0x1001c6bd --define_symbol
#        xdc_runtime_Error_policySpin__E=0x1001c413 --define_symbol
#        ti_sysbios_gates_GateMutex_create=0x1001b39d --define_symbol
#        xdc_runtime_Gate_leaveSystem__E=0x1001c789 --define_symbol
#        ti_sysbios_knl_Swi_restoreHwi__E=0x1001a6ed --define_symbol
#        ti_sysbios_knl_Task_sleep__E=0x1001a5a5 --define_symbol
#        ti_sysbios_knl_Task_create=0x1001accd --define_symbol
#        ti_sysbios_knl_Mailbox_Params__init__S=0x1001bfe5 --define_symbol
#        ti_sysbios_knl_Task_restoreHwi__E=0x1001bc19 --define_symbol
#        ti_sysbios_knl_Mailbox_postInit__I=0x1001b675 --define_symbol
#        ti_sysbios_knl_Task_delete=0x1001c11d --define_symbol
#        ti_sysbios_heaps_HeapMem_isBlocking__E=0x1001c06d --define_symbol
#        ti_sysbios_knl_Clock_startI__E=0x1001a1f1 --define_symbol
#        ti_sysbios_knl_Clock_start__E=0x1001be1f --define_symbol
#        ti_sysbios_heaps_HeapMem_Module_GateProxy_query__E=0x1001c0bd
#        --define_symbol
#        ti_sysbios_family_arm_m3_Hwi_Object__delete__S=0x1001b959
#        --define_symbol
#        ti_sysbios_knl_Clock_TimerProxy_getPeriod__E=0x1001c0d5
#        --define_symbol ti_sysbios_knl_Event_checkEvents__I=0x1001baf9
#        --define_symbol ti_sysbios_knl_Task_SupportProxy_start__E=0x1001b155
#        --define_symbol ti_sysbios_heaps_HeapMem_Handle__label__S=0x1001ba39
#        --define_symbol ti_sysbios_family_arm_m3_Hwi_delete=0x1001c0a5
#        --define_symbol
#        ti_sysbios_heaps_HeapMem_Module_GateProxy_Handle__label__S=0x1001b9d9
#        --define_symbol ti_sysbios_knl_Semaphore_Object__delete__S=0x1001b8d5
#        --define_symbol ti_sysbios_hal_Hwi_HwiProxy_getStackInfo__E=0x1001b099
#        --define_symbol ti_sysbios_knl_Idle_run__E=0x1001bb19 --define_symbol
#        ti_sysbios_knl_Swi_delete=0x1001c111 --define_symbol
#        xdc_runtime_Memory_valloc__E=0x1001c689 --define_symbol
#        ti_sysbios_knl_Mailbox_Object__delete__S=0x1001bb39 --define_symbol
#        ti_sysbios_family_arm_m3_TaskSupport_start__E=0x1001b155
#        --define_symbol xdc_runtime_Timestamp_get64__E=0x1001b77d
#        --define_symbol
#        ti_sysbios_family_arm_m3_Hwi_Module__startupDone__S=0x1001b939
#        --define_symbol
#        ti_sysbios_heaps_HeapMem_Module_GateProxy_Params__init__S=0x1001bfb5
#        --define_symbol ti_sysbios_knl_Swi_startup__E=0x1001c085
#        --define_symbol ti_sysbios_knl_Task_schedule__I=0x1001ae69
#        --define_symbol ti_sysbios_gates_GateMutex_leave__E=0x1001bdd9
#        --define_symbol ti_sysbios_heaps_HeapMem_Object__delete__S=0x1001ba59
#        --define_symbol ti_sysbios_knl_Event_create=0x1001b42d --define_symbol
#        ti_sysbios_knl_Clock_TimerProxy_setNextTick__E=0x1001bf01
#        --define_symbol ti_sysbios_knl_Swi_Object__get__S=0x1001b725
#        --define_symbol ti_sysbios_knl_Task_restore__E=0x1001b7f5
#        --define_symbol xdc_runtime_Memory_HeapProxy_alloc__E=0x1001c775
#        --define_symbol
#        ti_sysbios_heaps_HeapMem_Module_GateProxy_Object__delete__S=0x1001b88d
#        --define_symbol ti_sysbios_gates_GateHwi_Object__create__S=0x1001b869
#        --define_symbol
#        ti_sysbios_hal_Hwi_HwiProxy_disableInterrupt__E=0x1001af45
#        --define_symbol ti_sysbios_BIOS_start__E=0x1001beb1 --define_symbol
#        ti_sysbios_BIOS_exit__E=0x1001be81 --define_symbol
#        ti_sysbios_family_arm_m3_TaskSupport_getStackAlignment__E=0x1001bf9d
#        --define_symbol xdc_runtime_SysCallback_abort__E=0x1001c715
#        --define_symbol ti_sysbios_knl_Queue_destruct=0x1001c0fd
#        --define_symbol ti_sysbios_family_arm_m3_Hwi_postInit__I=0x10019e75
#        --define_symbol ti_sysbios_gates_GateMutex_Instance_init__E=0x1001bc71
#        --define_symbol ti_sysbios_knl_Task_Instance_finalize__E=0x1001a059
#        --define_symbol
#        ti_sysbios_knl_Clock_TimerProxy_getCurrentTick__E=0x1001bee1
#        --define_symbol ti_sysbios_family_arm_m3_Hwi_disableFxn__E=0x1001bf85
#        --define_symbol xdc_runtime_Memory_HeapProxy_free__E=0x1001c77f
#        --define_symbol ti_sysbios_knl_Mailbox_Module_startup__E=0x1001afcd
#        --define_symbol ti_sysbios_knl_Task_Object__delete__S=0x1001bbd9
#        --define_symbol xdc_runtime_Startup_rtsDone__E=0x1001c769
#        --define_symbol ti_sysbios_gates_GateHwi_Handle__label__S=0x1001b999
#        --define_symbol xdc_runtime_Text_ropeText__E=0x1001c6ed
#        --define_symbol ti_sysbios_knl_Clock_destruct=0x1001c0dd
#        --define_symbol ti_sysbios_knl_Queue_construct=0x1001b6a1
#        --define_symbol
#        ti_sysbios_family_arm_m3_Hwi_switchFromBootStack__E=0x1001be35
#        --define_symbol ti_sysbios_heaps_HeapMem_Object__get__S=0x1001b5c5
#        --define_symbol ti_sysbios_hal_Hwi_HwiProxy_create=0x1001bc8d
#        --define_symbol ti_sysbios_gates_GateMutex_query__E=0x1001c0bd
#        --define_symbol ti_sysbios_knl_Swi_schedule__I=0x1001ad25
#        --define_symbol ti_sysbios_knl_Task_Params__init__S=0x1001c021
#        --define_symbol
#        ti_sysbios_family_arm_m3_Hwi_Params__init__S=0x1001bf79
#        --define_symbol ti_sysbios_family_arm_m3_Hwi_plug__E=0x1001bdc1
#        --define_symbol xdc_runtime_System_exitSpin__E=0x1001c7a3
#        --define_symbol
#        xdc_runtime_System_Module_GateProxy_query__E=0x1001c0b1
#        --define_symbol ti_sysbios_gates_GateMutex_construct=0x1001b541
#        --define_symbol
#        xdc_runtime_System_Module_GateProxy_leave__E=0x1001c79d
#        --define_symbol ti_sysbios_knl_Mailbox_pend__E=0x1001a535
#        --define_symbol
#        ti_sysbios_hal_Hwi_HwiProxy_Object__delete__S=0x1001b959
#        --define_symbol
#        ti_sysbios_family_arm_m3_TaskSupport_Module__startupDone__S=0x1001c0ad
#        --define_symbol
#        ti_sysbios_BIOS_RtsGateProxy_Params__init__S=0x1001bfb5
#        --define_symbol xdc_runtime_Core_assignLabel__I=0x1001c5b9
#        --define_symbol ti_sysbios_heaps_HeapMem_freeUnprotected__E=0x1001ab6d
#        --define_symbol
#        xdc_runtime_System_Module_GateProxy_enter__E=0x1001c799
#        --define_symbol xdc_runtime_System_exit__E=0x1001c6d5 --define_symbol
#        ti_sysbios_knl_Swi_Params__init__S=0x1001c015 --define_symbol
#        ti_sysbios_knl_Event_Object__destruct__S=0x1001bcc5 --define_symbol
#        ti_sysbios_knl_Clock_workFunc__E=0x1001a369 --define_symbol
#        ti_sysbios_family_arm_m3_Hwi_restoreFxn__E=0x1001c061 --define_symbol
#        ti_sysbios_family_arm_cc26xx_TimestampProvider_Module_startup__E=0x1001b919
#        --define_symbol ti_sysbios_knl_Semaphore_delete=0x1001c109
#        --define_symbol
#        ti_sysbios_family_arm_cc26xx_Timer_getPeriod__E=0x1001c09d
#        --define_symbol ti_sysbios_family_arm_m3_Hwi_initNVIC__E=0x1001a171
#        --define_symbol ti_sysbios_knl_Clock_addI__E=0x1001b7a5
#        --define_symbol
#        ti_sysbios_family_arm_m3_Hwi_Instance_finalize__E=0x1001a755
#        --define_symbol ti_sysbios_heaps_HeapMem_alloc__E=0x1001ab15
#        --define_symbol ti_sysbios_knl_Task_unblockI__E=0x1001b751
#        --define_symbol ti_sysbios_knl_Swi_Instance_finalize__E=0x1001bf77
#        --define_symbol
#        ti_sysbios_family_arm_m3_Hwi_disableInterrupt__E=0x1001af45
#        --define_symbol ti_sysbios_family_arm_m3_Hwi_enableFxn__E=0x1001bf91
#        --define_symbol xdc_runtime_Gate_enterSystem__E=0x1001c795
#        --define_symbol
#        ti_sysbios_gates_GateMutex_Object__delete__S=0x1001b88d
#        --define_symbol
#        ti_sysbios_family_arm_cc26xx_TimestampProvider_get64__E=0x1001b77d
#        --define_symbol ti_sysbios_knl_Mailbox_Instance_init__E=0x10019dad
#        --define_symbol xdc_runtime_Text_cordText__E=0x1001c621
#        --define_symbol xdc_runtime_Startup_exec__E=0x1001c415 --define_symbol
#        ti_sysbios_hal_Hwi_HwiProxy_Module__startupDone__S=0x1001b939
#        --define_symbol ti_sysbios_heaps_HeapMem_getStats__E=0x1001aefd
#        --define_symbol
#        xdc_runtime_Memory_getMaxDefaultTypeAlign__E=0x1001c75d
#        --define_symbol ti_sysbios_hal_Hwi_disableInterrupt__E=0x1001af45
#        --define_symbol ti_sysbios_knl_Event_post__E=0x1001a455
#        --define_symbol ti_sysbios_knl_Task_Object__get__S=0x1001bbf9
#        --define_symbol ti_sysbios_knl_Event_pendTimeout__I=0x1001b61d
#        --define_symbol ti_sysbios_family_arm_m3_Hwi_construct=0x1001aabd
#        --define_symbol
#        ti_sysbios_knl_Clock_TimerProxy_Module__startupDone__S=0x1001b8f9
#        --define_symbol ti_sysbios_knl_Clock_Module_startup__E=0x1001ba79
#        --define_symbol ti_sysbios_knl_Mailbox_construct=0x1001abc5
#        --define_symbol ti_sysbios_knl_Task_construct=0x1001ae19
#        --define_symbol xdc_runtime_Core_constructObject__I=0x1001c4f5
#        --define_symbol ti_sysbios_knl_Queue_dequeue__E=0x1001bff1
#        --define_symbol ti_sysbios_knl_Task_Module_startup__E=0x1001aa05
#        --define_symbol
#        ti_sysbios_family_arm_cc26xx_Timer_getExpiredTicks__E=0x1001c099
#        --define_symbol ti_sysbios_family_arm_m3_Hwi_Object__get__S=0x1001b515
#        --define_symbol ti_sysbios_knl_Mailbox_destruct=0x1001c0f5
#        --define_symbol xdc_runtime_System_Module_startup__E=0x1001c78f
#        --define_symbol ti_sysbios_knl_Swi_postInit__I=0x1001c119
#        --define_symbol
#        ti_sysbios_family_arm_m3_Hwi_Module_startup__E=0x1001aeb5
#        --define_symbol ti_sysbios_gates_GateMutex_enter__E=0x1001b3cd
#        --define_symbol ti_sysbios_family_arm_m3_Hwi_setPriority__E=0x1001bc55
#        --define_symbol ti_sysbios_knl_Queue_Object__get__S=0x1001bb79
#        --define_symbol ti_sysbios_knl_Clock_setTimeout__E=0x1001c0e5
#        --define_symbol
#        ti_sysbios_family_arm_m3_Hwi_excHandlerAsm__I=0x1001c901
#        --define_symbol ti_sysbios_family_arm_m3_Hwi_return=0x1001c957
#        --define_symbol ti_sysbios_family_arm_m3_Hwi_pendSV__I=0x1001c93f
#        --define_symbol ti_sysbios_family_arm_m3_Hwi_dispatch__I=0x1001c7a5
#        --define_symbol ti_sysbios_family_xxx_Hwi_switchAndRunFunc=0x1001c921
#        --define_symbol ti_sysbios_family_arm_m3_Hwi_initStacks__E=0x1001c8b9
#        --define_symbol ti_sysbios_knl_Task_swapReturn=0x1001c971
#        --define_symbol ti_sysbios_family_arm_m3_TaskSupport_glue=0x1001c959
#        --define_symbol
#        ti_sysbios_family_arm_m3_TaskSupport_buildTaskStack=0x1001c86d
#        --define_symbol
#        ti_sysbios_family_arm_m3_TaskSupport_swap__E=0x1001c969
#        --define_symbol ti_sysbios_knl_Task_SupportProxy_swap__E=0x1001c969
#        --define_symbol xdc_runtime_Startup__EXECFXN__C=1 --define_symbol
#        xdc_runtime_Startup__RESETFXN__C=1 --config_search
#        C:/ti/simplelink_cc2640r2_sdk_1_35_00_33/kernel/tirtos/packages/ti/sysbios/rom/cortexm/cc26xx/r2/golden/CC26xx/
#        --config_def USE_TIRTOS_ROM=1 --keep __ASM__ --keep __PLAT__ --keep
#        __ISA__ --keep __TARG__ --keep __TRDR__) -f
#        C:\ti\simplelink_cc2640r2_sdk_1_35_00_33\examples\rtos\CC2640R2_LAUNCHXL\blestack\fence_slave\tirtos\iar\app\..\config\iar_boundary.xcl
#        (--config_def ICALL_RAM0_START=0x20003ff0 --config_def
#        ICALL_STACK0_START=0x00017a00 --config_def
#        ICALL_STACK0_ADDR=0x00017a01)
#        C:\ti\simplelink_cc2640r2_sdk_1_35_00_33\examples\rtos\CC2640R2_LAUNCHXL\blestack\fence_slave\tirtos\iar\app\..\..\..\..\..\..\..\..\source\ti\blestack\rom\\ble_rom_releases\cc26xx_r2\Final_Release\common_r2.symbols
#        C:\ti\simplelink_cc2640r2_sdk_1_35_00_33\examples\rtos\CC2640R2_LAUNCHXL\blestack\fence_slave\tirtos\iar\app\..\..\..\..\..\..\..\..\source\ti\devices\cc26x0r2\driverlib\bin\iar\driverlib.lib
#        C:\ti\simplelink_cc2640r2_sdk_1_35_00_33\examples\rtos\CC2640R2_LAUNCHXL\blestack\fence_slave\tirtos\iar\app\..\..\..\..\..\..\..\..\kernel\tirtos\packages\ti\dpl\lib\dpl_cc26x0r2.arm3
#        C:\ti\simplelink_cc2640r2_sdk_1_35_00_33\examples\rtos\CC2640R2_LAUNCHXL\blestack\fence_slave\tirtos\iar\app\..\..\..\..\..\..\..\..\source\ti\drivers\lib\drivers_cc26x0r2.arm3
#        C:\ti\simplelink_cc2640r2_sdk_1_35_00_33\examples\rtos\CC2640R2_LAUNCHXL\blestack\fence_slave\tirtos\iar\app\..\..\..\..\..\..\..\..\source\ti\drivers\rf\lib\rf_singleMode_cc26x0r2.arm3
#        C:\ti\simplelink_cc2640r2_sdk_1_35_00_33\examples\rtos\CC2640R2_LAUNCHXL\blestack\fence_slave\tirtos\iar\app\..\..\..\..\..\..\..\..\source\ti\display\lib\display.arm3
#        --entry __iar_program_start --vfe --text_out locale)
#
###############################################################################

*******************************************************************************
*** MESSAGES
***

Warning[Lt009]: Inconsistent wchar_t size
            CryptoCC26XX.orm3(drivers_cc26x0r2.arm3) and 38 other objects in 25
                      different libraries have wchar_t size 16 bits
            ble_user_config.o and 36 other objects, some of them in
                      rom_sysbios.arm3 and 14 other libraries have wchar_t size
                      32 bits


*******************************************************************************
*** RUNTIME MODEL ATTRIBUTES
***

CppFlavor       = *
__SystemLibrary = DLib
__dlib_version  = 6


*******************************************************************************
*** HEAP SELECTION
***

The basic heap was selected because no calls to memory allocation
functions were found in the application outside of system library
functions, and there are calls to deallocation functions in the
application.


*******************************************************************************
*** RESERVED RANGES
***

Ranges reserved by absolute symbols:
   [0x10016c1d-0x10016c48]
   [0x10016c65-0x10016c84]
   [0x10019808-0x1001982b]
   [0x1001982c-0x1001984f]
   [0x10019850-0x10019873]
   [0x10019874-0x10019897]
   [0x10019898-0x100198bb]
   [0x100198bc-0x100198df]
   [0x20000000-0x200000c7]
   [0x20004f80-0x20004f83]
   [0x20004f84-0x20004f87]
   [0x20004f88-0x20004f8b]
   [0x20004f8c-0x20004f8f]
   [0x20004f90-0x20004f93]
   [0x20004f94-0x20004f97]
   [0x20004f98-0x20004f9b]
   [0x20004f9c-0x20004f9c]


*******************************************************************************
*** PLACEMENT SUMMARY
***

"P1":  place in [from 0x00000000 to 0x000179ff] |
                [from 0x0001f000 to 0x0001ffff] { ro };
"A0":  place at end of [from 0x0001f000 to 0x0001ffff] { ro section .ccfg };
"A1":  place at 0x00000000 { ro section .intvec };
define block CSTACK with size = 1K, alignment = 8 { section .stack };
"A3":  place at end of [from 0x20000000 to 0x20003fef] { block CSTACK };
define block RWDATA { rw };
"P2":  place in [from 0x20000000 to 0x20003fef] { block RWDATA };
"A4":  place at 0x00001300 { ro section .const_xdc_runtime_Error_policy__C };
"A5":  place at 0x000012b8 {
          ro section .const_xdc_runtime_IModule_Interface__BASE__C };
"A6":  place at 0x00001298 {
          ro section .const_xdc_runtime_Startup_lastFxns__C };
"A7":  place at 0x00001130 {
          ro section .const_ti_sysbios_knl_Event_Object__DESC__C };
"A8":  place at 0x000010b0 {
          ro section .const_ti_sysbios_gates_GateMutex_Object__DESC__C };
"A9":  place at 0x00001310 {
          ro section .const_ti_sysbios_rom_ROM_ti_sysbios_family_arm_cc26xx_Timer_initDevice__I };
"A10": place at 0x000012c0 {
          ro section .const_xdc_runtime_Startup_execImpl__C };
"A11": place at 0x0000130c {
          ro section .const_ti_sysbios_rom_ROM_ti_sysbios_family_arm_cc26xx_Timer_getMaxTicks__E };
"A12": place at 0x0000125c {
          ro section .const_ti_sysbios_knl_Swi_Object__count__C };
"A13": place at 0x000011f0 {
          ro section .const_ti_sysbios_knl_Idle_funcList__C };
"A14": place at 0x000012fe { ro section .const_xdc_runtime_Text_isLoaded__C };
"A15": place at 0x00001110 {
          ro section .const_ti_sysbios_knl_Clock_Object__DESC__C };
"A16": place at 0x00001258 {
          ro section .const_ti_sysbios_knl_Semaphore_eventSync__C };
"A17": place at 0x0000104c {
          ro section .const_ti_sysbios_gates_GateMutex_Module__FXNS__C };
"A18": place at 0x00001284 {
          ro section .const_ti_sysbios_family_arm_m3_Hwi_Module__id__C };
"A19": place at 0x00001280 {
          ro section .const_ti_sysbios_family_arm_cc26xx_Timer_Module__id__C };
"A20": place at 0x00001244 {
          ro section .const_ti_sysbios_knl_Mailbox_Object__table__C };
"A21": place at 0x0000120c {
          ro section .const_ti_sysbios_family_arm_m3_Hwi_Object__table__C };
"A22": place at 0x000011b0 {
          ro section .const_ti_sysbios_knl_Swi_Object__DESC__C };
"A23": place at 0x000012fc { ro section .const_xdc_runtime_Text_charCnt__C };
"A24": place at 0x000012ac { ro section .const_xdc_runtime_Error_raiseHook__C };
"A25": place at 0x0000131c {
          ro section .const_ti_sysbios_rom_ROM_ti_sysbios_family_arm_cc26xx_Timer_start__E };
"A26": place at 0x00001234 {
          ro section .const_ti_sysbios_heaps_HeapMem_Object__table__C };
"A27": place at 0x000012a8 { ro section .const_xdc_runtime_Error_policyFxn__C };
"A28": place at 0x00001304 {
          ro section .const_ti_sysbios_rom_ROM_ti_sysbios_family_arm_cc26xx_Timer_getCount64__E };
"A29": place at 0x00001290 {
          ro section .const_xdc_runtime_Startup_firstFxns__C };
"A30": place at 0x000012e8 { ro section .const_xdc_runtime_Text_charTab__C };
"A31": place at 0x00001320 {
          ro section .const_ti_sysbios_rom_ROM_ti_sysbios_family_arm_cc26xx_TimestampProvider_get32__E };
"A32": place at 0x000012f8 { ro section .const_xdc_runtime_Error_maxDepth__C };
"A33": place at 0x00001308 {
          ro section .const_ti_sysbios_rom_ROM_ti_sysbios_family_arm_cc26xx_Timer_getCurrentTick__E };
"A34": place at 0x00001224 {
          ro section .const_ti_sysbios_family_arm_m3_TaskSupport_stackAlignment__C };
"A35": place at 0x00001204 {
          ro section .const_ti_sysbios_family_arm_m3_Hwi_NUM_INTERRUPTS__C };
"A36": place at 0x0000123c {
          ro section .const_ti_sysbios_knl_Clock_triggerClock__C };
"A37": place at 0x00001260 {
          ro section .const_ti_sysbios_knl_Swi_Object__table__C };
"A38": place at 0x000012fa {
          ro section .const_xdc_runtime_Memory_Module__id__C };
"A39": place at 0x0000122c {
          ro section .const_ti_sysbios_heaps_HeapMem_Module__gateObj__C };
"A40": place at 0x000011f8 {
          ro section .const_ti_sysbios_family_arm_cc26xx_Timer_startupNeeded__C };
"A41": place at 0x00001170 {
          ro section .const_ti_sysbios_knl_Queue_Object__DESC__C };
"A42": place at 0x000011d0 {
          ro section .const_ti_sysbios_knl_Task_Object__DESC__C };
"A43": place at 0x000012a0 {
          ro section .const_xdc_runtime_Assert_E_assertFailed__C };
"A44": place at 0x00001286 {
          ro section .const_ti_sysbios_gates_GateHwi_Module__id__C };
"A45": place at 0x000012b4 {
          ro section .const_xdc_runtime_IHeap_Interface__BASE__C };
"A46": place at 0x000012d8 {
          ro section .const_xdc_runtime_SysCallback_exitFxn__C };
"A47": place at 0x0000128a {
          ro section .const_ti_sysbios_heaps_HeapMem_Module__id__C };
"A48": place at 0x00001214 {
          ro section .const_ti_sysbios_family_arm_m3_Hwi_excHandlerFunc__C };
"A49": place at 0x00001000 {
          ro section .const_ti_sysbios_heaps_HeapMem_Module__FXNS__C };
"A50": place at 0x000012e4 {
          ro section .const_xdc_runtime_System_maxAtexitHandlers__C };
"A51": place at 0x0000124c {
          ro section .const_ti_sysbios_knl_Queue_Object__count__C };
"A52": place at 0x0000126c {
          ro section .const_ti_sysbios_knl_Task_Object__table__C };
"A53": place at 0x00001150 {
          ro section .const_ti_sysbios_knl_Mailbox_Object__DESC__C };
"A54": place at 0x00001218 {
          ro section .const_ti_sysbios_family_arm_m3_Hwi_nullIsrFunc__C };
"A55": place at 0x0000128e {
          ro section .const_ti_sysbios_knl_Clock_tickMode__C };
"A56": place at 0x00001288 {
          ro section .const_ti_sysbios_gates_GateMutex_Module__id__C };
"A57": place at 0x00001264 {
          ro section .const_ti_sysbios_knl_Swi_numPriorities__C };
"A58": place at 0x0000127c {
          ro section .const_ti_sysbios_knl_Task_numConstructedTasks__C };
"A59": place at 0x000012c4 {
          ro section .const_xdc_runtime_Startup_maxPasses__C };
"A60": place at 0x0000128c {
          ro section .const_ti_sysbios_knl_Task_initStackFlag__C };
"A61": place at 0x000012dc { ro section .const_xdc_runtime_System_abortFxn__C };
"A62": place at 0x00001028 {
          ro section .const_ti_sysbios_gates_GateHwi_Module__FXNS__C };
"A63": place at 0x000010d0 {
          ro section .const_ti_sysbios_hal_Hwi_Object__DESC__C };
"A64": place at 0x00001220 {
          ro section .const_ti_sysbios_family_arm_m3_Hwi_priGroup__C };
"A65": place at 0x000012a4 { ro section .const_xdc_runtime_Error_E_memory__C };
"A66": place at 0x000011fc {
          ro section .const_ti_sysbios_family_arm_m3_Hwi_E_alreadyDefined__C };
"A67": place at 0x00001250 {
          ro section .const_ti_sysbios_knl_Queue_Object__table__C };
"A68": place at 0x00001254 {
          ro section .const_ti_sysbios_knl_Semaphore_eventPost__C };
"A69": place at 0x000012e0 { ro section .const_xdc_runtime_System_exitFxn__C };
"A70": place at 0x00001314 {
          ro section .const_ti_sysbios_rom_ROM_ti_sysbios_family_arm_cc26xx_Timer_setNextTick__E };
"A71": place at 0x00001238 {
          ro section .const_ti_sysbios_heaps_HeapMem_reqAlign__C };
"A72": place at 0x000012c8 { ro section .const_xdc_runtime_Startup_sfxnRts__C };
"A73": place at 0x00001190 {
          ro section .const_ti_sysbios_knl_Semaphore_Object__DESC__C };
"A74": place at 0x00001090 {
          ro section .const_ti_sysbios_gates_GateHwi_Object__DESC__C };
"A75": place at 0x00001230 {
          ro section .const_ti_sysbios_heaps_HeapMem_Object__count__C };
"A76": place at 0x0000121c {
          ro section .const_ti_sysbios_family_arm_m3_Hwi_numSparseInterrupts__C };
"A77": place at 0x00001248 {
          ro section .const_ti_sysbios_knl_Mailbox_maxTypeAlign__C };
"A78": place at 0x00001282 {
          ro section .const_ti_sysbios_family_arm_cc26xx_TimestampProvider_useClockTimer__C };
"A79": place at 0x0000132c {
          ro section .const_ti_sysbios_rom_ROM_xdc_runtime_System_SupportProxy_exit__E };
"A80": place at 0x00001270 {
          ro section .const_ti_sysbios_knl_Task_allBlockedFunc__C };
"A81": place at 0x00001328 {
          ro section .const_ti_sysbios_rom_ROM_xdc_runtime_System_SupportProxy_abort__E };
"A82": place at 0x00001240 {
          ro section .const_ti_sysbios_knl_Mailbox_Object__count__C };
"A83": place at 0x000012f0 { ro section .const_xdc_runtime_Text_nameStatic__C };
"A84": place at 0x00001324 {
          ro section .const_ti_sysbios_rom_ROM_xdc_runtime_Startup_getState__I };
"A85": place at 0x00001278 {
          ro section .const_ti_sysbios_knl_Task_defaultStackSize__C };
"A86": place at 0x000012b0 {
          ro section .const_xdc_runtime_IGateProvider_Interface__BASE__C };
"A87": place at 0x00001200 {
          ro section .const_ti_sysbios_family_arm_m3_Hwi_E_hwiLimitExceeded__C };
"A88": place at 0x000012d0 {
          ro section .const_xdc_runtime_Startup_startModsFxn__C };
"A89": place at 0x00001070 {
          ro section .const_ti_sysbios_family_arm_m3_Hwi_Object__DESC__C };
"A90": place at 0x000012ec { ro section .const_xdc_runtime_Text_nameEmpty__C };
"A91": place at 0x00001208 {
          ro section .const_ti_sysbios_family_arm_m3_Hwi_Object__count__C };
"A92": place at 0x000012d4 {
          ro section .const_xdc_runtime_SysCallback_abortFxn__C };
"A93": place at 0x00001274 {
          ro section .const_ti_sysbios_knl_Task_defaultStackHeap__C };
"A94": place at 0x00001210 {
          ro section .const_ti_sysbios_family_arm_m3_Hwi_ccr__C };
"A95": place at 0x00001228 {
          ro section .const_ti_sysbios_heaps_HeapMem_E_memory__C };
"A96": place at 0x00001268 {
          ro section .const_ti_sysbios_knl_Task_Object__count__C };
"A97": place at 0x000010f0 {
          ro section .const_ti_sysbios_heaps_HeapMem_Object__DESC__C };
"A98": place at 0x000012f4 {
          ro section .const_xdc_runtime_Text_nameUnknown__C };
"A99": place at 0x000012bc {
          ro section .const_xdc_runtime_Memory_defaultHeapInstance__C };
"A100":
       place at 0x00001318 {
          ro section .const_ti_sysbios_rom_ROM_ti_sysbios_family_arm_cc26xx_Timer_setThreshold__I };
"A101":
       place at 0x000012cc { ro section .const_xdc_runtime_Startup_sfxnTab__C };
"A102":
       place at 0x20000178 {
          rw section .data_ti_sysbios_knl_Clock_Module__state__V };
"A103":
       place at 0x200001ec {
          rw section .data_ti_sysbios_family_arm_cc26xx_TimestampProvider_Module__state__V };
"A104":
       place at 0x200001f0 {
          rw section .data_xdc_runtime_Startup_Module__state__V };
"A105":
       place at 0x200001a4 {
          rw section .data_ti_sysbios_BIOS_Module__state__V };
"A106":
       place at 0x200001c8 {
          rw section .data_ti_sysbios_knl_Swi_Module__state__V };
"A107":
       place at 0x20000100 {
          rw section .data_ti_sysbios_knl_Task_Module__state__V };
"A108":
       place at 0x20000200 {
          rw section .data_xdc_runtime_Memory_Module__state__V };
"A109":
       place at 0x200001f8 {
          rw section .data_xdc_runtime_System_Module__state__V };
"A110":
       place at 0x20000144 {
          rw section .data_ti_sysbios_family_arm_m3_Hwi_Module__state__V };
"A111":
       place at 0x20000204 {
          rw section .data_xdc_runtime_Error_Module__state__V };
"A112":
       place at 0x200001e4 {
          rw section .data_ti_sysbios_family_arm_cc26xx_Timer_Module__state__V };
initialize by copy { rw };
keep { section .ccfg };
keep { ro section .intvec };

No sections matched the following patterns:

  section .stack       in block CSTACK
  section .vtable_ram  in "A2"


  Section                 Kind        Address    Size  Object
  -------                 ----        -------    ----  ------
"A1":                                            0x3c
  .intvec                 const    0x00000000    0x3c  app_ble_prm3.orm3 [2]
                                 - 0x0000003c    0x3c

"P1", part 1 of 2:                              0x3bb
  .rodata                 const    0x0000003c     0x0  zero_init3.o [13]
  .rodata                 const    0x0000003c     0x0  lz77_init.o [13]
  Initializer bytes       const    0x0000003c   0x31f  <for RWDATA-1>
  Initializer bytes       const    0x0000035b    0x23  <for rw section .data_ti_sysbios_family_arm_m3_Hwi_Module__state__V-1>
  Initializer bytes       const    0x0000037e    0x1c  <for rw section .data_ti_sysbios_knl_Task_Module__state__V-1>
  Initializer bytes       const    0x0000039a    0x1c  <for rw section .data_ti_sysbios_BIOS_Module__state__V-1>
  Initializer bytes       const    0x000003b6    0x1a  <for rw section .data_ti_sysbios_knl_Clock_Module__state__V-1>
  Initializer bytes       const    0x000003d0     0xc  <for rw section .data_ti_sysbios_knl_Swi_Module__state__V-1>
  Initializer bytes       const    0x000003dc     0x9  <for rw section .data_ti_sysbios_family_arm_cc26xx_Timer_Module__state__V-1>
  Initializer bytes       const    0x000003e5     0x6  <for rw section .data_xdc_runtime_Memory_Module__state__V-1>
  Initializer bytes       const    0x000003eb     0x3  <for rw section .data_ti_sysbios_family_arm_cc26xx_TimestampProvider_Module__state__V-1>
  Initializer bytes       const    0x000003ee     0x3  <for rw section .data_xdc_runtime_Error_Module__state__V-1>
  Initializer bytes       const    0x000003f1     0x3  <for rw section .data_xdc_runtime_Startup_Module__state__V-1>
  Initializer bytes       const    0x000003f4     0x3  <for rw section .data_xdc_runtime_System_Module__state__V-1>
                                 - 0x000003f7   0x3bb

"A49":                                           0x28
  .const_ti_sysbios_heaps_HeapMem_Module__FXNS__C
                          const    0x00001000    0x28  app_ble_prm3.orm3 [2]
                                 - 0x00001028    0x28

"A62":                                           0x24
  .const_ti_sysbios_gates_GateHwi_Module__FXNS__C
                          const    0x00001028    0x24  app_ble_prm3.orm3 [2]
                                 - 0x0000104c    0x24

"A17":                                           0x24
  .const_ti_sysbios_gates_GateMutex_Module__FXNS__C
                          const    0x0000104c    0x24  app_ble_prm3.orm3 [2]
                                 - 0x00001070    0x24

"A89":                                           0x20
  .const_ti_sysbios_family_arm_m3_Hwi_Object__DESC__C
                          const    0x00001070    0x20  app_ble_prm3.orm3 [2]
                                 - 0x00001090    0x20

"A74":                                           0x20
  .const_ti_sysbios_gates_GateHwi_Object__DESC__C
                          const    0x00001090    0x20  app_ble_prm3.orm3 [2]
                                 - 0x000010b0    0x20

"A8":                                            0x20
  .const_ti_sysbios_gates_GateMutex_Object__DESC__C
                          const    0x000010b0    0x20  app_ble_prm3.orm3 [2]
                                 - 0x000010d0    0x20

"A63":                                           0x20
  .const_ti_sysbios_hal_Hwi_Object__DESC__C
                          const    0x000010d0    0x20  app_ble_prm3.orm3 [2]
                                 - 0x000010f0    0x20

"A97":                                           0x20
  .const_ti_sysbios_heaps_HeapMem_Object__DESC__C
                          const    0x000010f0    0x20  app_ble_prm3.orm3 [2]
                                 - 0x00001110    0x20

"A15":                                           0x20
  .const_ti_sysbios_knl_Clock_Object__DESC__C
                          const    0x00001110    0x20  app_ble_prm3.orm3 [2]
                                 - 0x00001130    0x20

"A7":                                            0x20
  .const_ti_sysbios_knl_Event_Object__DESC__C
                          const    0x00001130    0x20  app_ble_prm3.orm3 [2]
                                 - 0x00001150    0x20

"A53":                                           0x20
  .const_ti_sysbios_knl_Mailbox_Object__DESC__C
                          const    0x00001150    0x20  app_ble_prm3.orm3 [2]
                                 - 0x00001170    0x20

"A41":                                           0x20
  .const_ti_sysbios_knl_Queue_Object__DESC__C
                          const    0x00001170    0x20  app_ble_prm3.orm3 [2]
                                 - 0x00001190    0x20

"A73":                                           0x20
  .const_ti_sysbios_knl_Semaphore_Object__DESC__C
                          const    0x00001190    0x20  app_ble_prm3.orm3 [2]
                                 - 0x000011b0    0x20

"A22":                                           0x20
  .const_ti_sysbios_knl_Swi_Object__DESC__C
                          const    0x000011b0    0x20  app_ble_prm3.orm3 [2]
                                 - 0x000011d0    0x20

"A42":                                           0x20
  .const_ti_sysbios_knl_Task_Object__DESC__C
                          const    0x000011d0    0x20  app_ble_prm3.orm3 [2]
                                 - 0x000011f0    0x20

"A13":                                            0x8
  .const_ti_sysbios_knl_Idle_funcList__C
                          const    0x000011f0     0x8  app_ble_prm3.orm3 [2]
                                 - 0x000011f8     0x8

"A40":                                            0x4
  .const_ti_sysbios_family_arm_cc26xx_Timer_startupNeeded__C
                          const    0x000011f8     0x4  app_ble_prm3.orm3 [2]
                                 - 0x000011fc     0x4

"A66":                                            0x4
  .const_ti_sysbios_family_arm_m3_Hwi_E_alreadyDefined__C
                          const    0x000011fc     0x4  app_ble_prm3.orm3 [2]
                                 - 0x00001200     0x4

"A87":                                            0x4
  .const_ti_sysbios_family_arm_m3_Hwi_E_hwiLimitExceeded__C
                          const    0x00001200     0x4  app_ble_prm3.orm3 [2]
                                 - 0x00001204     0x4

"A35":                                            0x4
  .const_ti_sysbios_family_arm_m3_Hwi_NUM_INTERRUPTS__C
                          const    0x00001204     0x4  app_ble_prm3.orm3 [2]
                                 - 0x00001208     0x4

"A91":                                            0x4
  .const_ti_sysbios_family_arm_m3_Hwi_Object__count__C
                          const    0x00001208     0x4  app_ble_prm3.orm3 [2]
                                 - 0x0000120c     0x4

"A21":                                            0x4
  .const_ti_sysbios_family_arm_m3_Hwi_Object__table__C
                          const    0x0000120c     0x4  app_ble_prm3.orm3 [2]
                                 - 0x00001210     0x4

"A94":                                            0x4
  .const_ti_sysbios_family_arm_m3_Hwi_ccr__C
                          const    0x00001210     0x4  app_ble_prm3.orm3 [2]
                                 - 0x00001214     0x4

"A48":                                            0x4
  .const_ti_sysbios_family_arm_m3_Hwi_excHandlerFunc__C
                          const    0x00001214     0x4  app_ble_prm3.orm3 [2]
                                 - 0x00001218     0x4

"A54":                                            0x4
  .const_ti_sysbios_family_arm_m3_Hwi_nullIsrFunc__C
                          const    0x00001218     0x4  app_ble_prm3.orm3 [2]
                                 - 0x0000121c     0x4

"A76":                                            0x4
  .const_ti_sysbios_family_arm_m3_Hwi_numSparseInterrupts__C
                          const    0x0000121c     0x4  app_ble_prm3.orm3 [2]
                                 - 0x00001220     0x4

"A64":                                            0x4
  .const_ti_sysbios_family_arm_m3_Hwi_priGroup__C
                          const    0x00001220     0x4  app_ble_prm3.orm3 [2]
                                 - 0x00001224     0x4

"A34":                                            0x4
  .const_ti_sysbios_family_arm_m3_TaskSupport_stackAlignment__C
                          const    0x00001224     0x4  app_ble_prm3.orm3 [2]
                                 - 0x00001228     0x4

"A95":                                            0x4
  .const_ti_sysbios_heaps_HeapMem_E_memory__C
                          const    0x00001228     0x4  app_ble_prm3.orm3 [2]
                                 - 0x0000122c     0x4

"A39":                                            0x4
  .const_ti_sysbios_heaps_HeapMem_Module__gateObj__C
                          const    0x0000122c     0x4  app_ble_prm3.orm3 [2]
                                 - 0x00001230     0x4

"A75":                                            0x4
  .const_ti_sysbios_heaps_HeapMem_Object__count__C
                          const    0x00001230     0x4  app_ble_prm3.orm3 [2]
                                 - 0x00001234     0x4

"A26":                                            0x4
  .const_ti_sysbios_heaps_HeapMem_Object__table__C
                          const    0x00001234     0x4  app_ble_prm3.orm3 [2]
                                 - 0x00001238     0x4

"A71":                                            0x4
  .const_ti_sysbios_heaps_HeapMem_reqAlign__C
                          const    0x00001238     0x4  app_ble_prm3.orm3 [2]
                                 - 0x0000123c     0x4

"A36":                                            0x4
  .const_ti_sysbios_knl_Clock_triggerClock__C
                          const    0x0000123c     0x4  app_ble_prm3.orm3 [2]
                                 - 0x00001240     0x4

"A82":                                            0x4
  .const_ti_sysbios_knl_Mailbox_Object__count__C
                          const    0x00001240     0x4  app_ble_prm3.orm3 [2]
                                 - 0x00001244     0x4

"A20":                                            0x4
  .const_ti_sysbios_knl_Mailbox_Object__table__C
                          const    0x00001244     0x4  app_ble_prm3.orm3 [2]
                                 - 0x00001248     0x4

"A77":                                            0x4
  .const_ti_sysbios_knl_Mailbox_maxTypeAlign__C
                          const    0x00001248     0x4  app_ble_prm3.orm3 [2]
                                 - 0x0000124c     0x4

"A51":                                            0x4
  .const_ti_sysbios_knl_Queue_Object__count__C
                          const    0x0000124c     0x4  app_ble_prm3.orm3 [2]
                                 - 0x00001250     0x4

"A67":                                            0x4
  .const_ti_sysbios_knl_Queue_Object__table__C
                          const    0x00001250     0x4  app_ble_prm3.orm3 [2]
                                 - 0x00001254     0x4

"A68":                                            0x4
  .const_ti_sysbios_knl_Semaphore_eventPost__C
                          const    0x00001254     0x4  app_ble_prm3.orm3 [2]
                                 - 0x00001258     0x4

"A16":                                            0x4
  .const_ti_sysbios_knl_Semaphore_eventSync__C
                          const    0x00001258     0x4  app_ble_prm3.orm3 [2]
                                 - 0x0000125c     0x4

"A12":                                            0x4
  .const_ti_sysbios_knl_Swi_Object__count__C
                          const    0x0000125c     0x4  app_ble_prm3.orm3 [2]
                                 - 0x00001260     0x4

"A37":                                            0x4
  .const_ti_sysbios_knl_Swi_Object__table__C
                          const    0x00001260     0x4  app_ble_prm3.orm3 [2]
                                 - 0x00001264     0x4

"A57":                                            0x4
  .const_ti_sysbios_knl_Swi_numPriorities__C
                          const    0x00001264     0x4  app_ble_prm3.orm3 [2]
                                 - 0x00001268     0x4

"A96":                                            0x4
  .const_ti_sysbios_knl_Task_Object__count__C
                          const    0x00001268     0x4  app_ble_prm3.orm3 [2]
                                 - 0x0000126c     0x4

"A52":                                            0x4
  .const_ti_sysbios_knl_Task_Object__table__C
                          const    0x0000126c     0x4  app_ble_prm3.orm3 [2]
                                 - 0x00001270     0x4

"A80":                                            0x4
  .const_ti_sysbios_knl_Task_allBlockedFunc__C
                          const    0x00001270     0x4  app_ble_prm3.orm3 [2]
                                 - 0x00001274     0x4

"A93":                                            0x4
  .const_ti_sysbios_knl_Task_defaultStackHeap__C
                          const    0x00001274     0x4  app_ble_prm3.orm3 [2]
                                 - 0x00001278     0x4

"A85":                                            0x4
  .const_ti_sysbios_knl_Task_defaultStackSize__C
                          const    0x00001278     0x4  app_ble_prm3.orm3 [2]
                                 - 0x0000127c     0x4

"A58":                                            0x4
  .const_ti_sysbios_knl_Task_numConstructedTasks__C
                          const    0x0000127c     0x4  app_ble_prm3.orm3 [2]
                                 - 0x00001280     0x4

"A19":                                            0x2
  .const_ti_sysbios_family_arm_cc26xx_Timer_Module__id__C
                          const    0x00001280     0x2  app_ble_prm3.orm3 [2]
                                 - 0x00001282     0x2

"A78":                                            0x2
  .const_ti_sysbios_family_arm_cc26xx_TimestampProvider_useClockTimer__C
                          const    0x00001282     0x2  app_ble_prm3.orm3 [2]
                                 - 0x00001284     0x2

"A18":                                            0x2
  .const_ti_sysbios_family_arm_m3_Hwi_Module__id__C
                          const    0x00001284     0x2  app_ble_prm3.orm3 [2]
                                 - 0x00001286     0x2

"A44":                                            0x2
  .const_ti_sysbios_gates_GateHwi_Module__id__C
                          const    0x00001286     0x2  app_ble_prm3.orm3 [2]
                                 - 0x00001288     0x2

"A56":                                            0x2
  .const_ti_sysbios_gates_GateMutex_Module__id__C
                          const    0x00001288     0x2  app_ble_prm3.orm3 [2]
                                 - 0x0000128a     0x2

"A47":                                            0x2
  .const_ti_sysbios_heaps_HeapMem_Module__id__C
                          const    0x0000128a     0x2  app_ble_prm3.orm3 [2]
                                 - 0x0000128c     0x2

"A60":                                            0x2
  .const_ti_sysbios_knl_Task_initStackFlag__C
                          const    0x0000128c     0x2  app_ble_prm3.orm3 [2]
                                 - 0x0000128e     0x2

"A55":                                            0x1
  .const_ti_sysbios_knl_Clock_tickMode__C
                          const    0x0000128e     0x1  app_ble_prm3.orm3 [2]
                                 - 0x0000128f     0x1

"A29":                                            0x8
  .const_xdc_runtime_Startup_firstFxns__C
                          const    0x00001290     0x8  app_ble_prm3.orm3 [2]
                                 - 0x00001298     0x8

"A6":                                             0x8
  .const_xdc_runtime_Startup_lastFxns__C
                          const    0x00001298     0x8  app_ble_prm3.orm3 [2]
                                 - 0x000012a0     0x8

"A43":                                            0x4
  .const_xdc_runtime_Assert_E_assertFailed__C
                          const    0x000012a0     0x4  app_ble_prm3.orm3 [2]
                                 - 0x000012a4     0x4

"A65":                                            0x4
  .const_xdc_runtime_Error_E_memory__C
                          const    0x000012a4     0x4  app_ble_prm3.orm3 [2]
                                 - 0x000012a8     0x4

"A27":                                            0x4
  .const_xdc_runtime_Error_policyFxn__C
                          const    0x000012a8     0x4  app_ble_prm3.orm3 [2]
                                 - 0x000012ac     0x4

"A24":                                            0x4
  .const_xdc_runtime_Error_raiseHook__C
                          const    0x000012ac     0x4  app_ble_prm3.orm3 [2]
                                 - 0x000012b0     0x4

"A86":                                            0x4
  .const_xdc_runtime_IGateProvider_Interface__BASE__C
                          const    0x000012b0     0x4  app_ble_prm3.orm3 [2]
                                 - 0x000012b4     0x4

"A45":                                            0x4
  .const_xdc_runtime_IHeap_Interface__BASE__C
                          const    0x000012b4     0x4  app_ble_prm3.orm3 [2]
                                 - 0x000012b8     0x4

"A5":                                             0x4
  .const_xdc_runtime_IModule_Interface__BASE__C
                          const    0x000012b8     0x4  app_ble_prm3.orm3 [2]
                                 - 0x000012bc     0x4

"A99":                                            0x4
  .const_xdc_runtime_Memory_defaultHeapInstance__C
                          const    0x000012bc     0x4  app_ble_prm3.orm3 [2]
                                 - 0x000012c0     0x4

"A10":                                            0x4
  .const_xdc_runtime_Startup_execImpl__C
                          const    0x000012c0     0x4  app_ble_prm3.orm3 [2]
                                 - 0x000012c4     0x4

"A59":                                            0x4
  .const_xdc_runtime_Startup_maxPasses__C
                          const    0x000012c4     0x4  app_ble_prm3.orm3 [2]
                                 - 0x000012c8     0x4

"A72":                                            0x4
  .const_xdc_runtime_Startup_sfxnRts__C
                          const    0x000012c8     0x4  app_ble_prm3.orm3 [2]
                                 - 0x000012cc     0x4

"A101":                                           0x4
  .const_xdc_runtime_Startup_sfxnTab__C
                          const    0x000012cc     0x4  app_ble_prm3.orm3 [2]
                                 - 0x000012d0     0x4

"A88":                                            0x4
  .const_xdc_runtime_Startup_startModsFxn__C
                          const    0x000012d0     0x4  app_ble_prm3.orm3 [2]
                                 - 0x000012d4     0x4

"A92":                                            0x4
  .const_xdc_runtime_SysCallback_abortFxn__C
                          const    0x000012d4     0x4  app_ble_prm3.orm3 [2]
                                 - 0x000012d8     0x4

"A46":                                            0x4
  .const_xdc_runtime_SysCallback_exitFxn__C
                          const    0x000012d8     0x4  app_ble_prm3.orm3 [2]
                                 - 0x000012dc     0x4

"A61":                                            0x4
  .const_xdc_runtime_System_abortFxn__C
                          const    0x000012dc     0x4  app_ble_prm3.orm3 [2]
                                 - 0x000012e0     0x4

"A69":                                            0x4
  .const_xdc_runtime_System_exitFxn__C
                          const    0x000012e0     0x4  app_ble_prm3.orm3 [2]
                                 - 0x000012e4     0x4

"A50":                                            0x4
  .const_xdc_runtime_System_maxAtexitHandlers__C
                          const    0x000012e4     0x4  app_ble_prm3.orm3 [2]
                                 - 0x000012e8     0x4

"A30":                                            0x4
  .const_xdc_runtime_Text_charTab__C
                          const    0x000012e8     0x4  app_ble_prm3.orm3 [2]
                                 - 0x000012ec     0x4

"A90":                                            0x4
  .const_xdc_runtime_Text_nameEmpty__C
                          const    0x000012ec     0x4  app_ble_prm3.orm3 [2]
                                 - 0x000012f0     0x4

"A83":                                            0x4
  .const_xdc_runtime_Text_nameStatic__C
                          const    0x000012f0     0x4  app_ble_prm3.orm3 [2]
                                 - 0x000012f4     0x4

"A98":                                            0x4
  .const_xdc_runtime_Text_nameUnknown__C
                          const    0x000012f4     0x4  app_ble_prm3.orm3 [2]
                                 - 0x000012f8     0x4

"A32":                                            0x2
  .const_xdc_runtime_Error_maxDepth__C
                          const    0x000012f8     0x2  app_ble_prm3.orm3 [2]
                                 - 0x000012fa     0x2

"A38":                                            0x2
  .const_xdc_runtime_Memory_Module__id__C
                          const    0x000012fa     0x2  app_ble_prm3.orm3 [2]
                                 - 0x000012fc     0x2

"A23":                                            0x2
  .const_xdc_runtime_Text_charCnt__C
                          const    0x000012fc     0x2  app_ble_prm3.orm3 [2]
                                 - 0x000012fe     0x2

"A14":                                            0x2
  .const_xdc_runtime_Text_isLoaded__C
                          const    0x000012fe     0x2  app_ble_prm3.orm3 [2]
                                 - 0x00001300     0x2

"A4":                                             0x1
  .const_xdc_runtime_Error_policy__C
                          const    0x00001300     0x1  app_ble_prm3.orm3 [2]
                                 - 0x00001301     0x1

"A28":                                            0x4
  .const_ti_sysbios_rom_ROM_ti_sysbios_family_arm_cc26xx_Timer_getCount64__E
                          const    0x00001304     0x4  app_ble_prm3.orm3 [2]
                                 - 0x00001308     0x4

"A33":                                            0x4
  .const_ti_sysbios_rom_ROM_ti_sysbios_family_arm_cc26xx_Timer_getCurrentTick__E
                          const    0x00001308     0x4  app_ble_prm3.orm3 [2]
                                 - 0x0000130c     0x4

"A11":                                            0x4
  .const_ti_sysbios_rom_ROM_ti_sysbios_family_arm_cc26xx_Timer_getMaxTicks__E
                          const    0x0000130c     0x4  app_ble_prm3.orm3 [2]
                                 - 0x00001310     0x4

"A9":                                             0x4
  .const_ti_sysbios_rom_ROM_ti_sysbios_family_arm_cc26xx_Timer_initDevice__I
                          const    0x00001310     0x4  app_ble_prm3.orm3 [2]
                                 - 0x00001314     0x4

"A70":                                            0x4
  .const_ti_sysbios_rom_ROM_ti_sysbios_family_arm_cc26xx_Timer_setNextTick__E
                          const    0x00001314     0x4  app_ble_prm3.orm3 [2]
                                 - 0x00001318     0x4

"A100":                                           0x4
  .const_ti_sysbios_rom_ROM_ti_sysbios_family_arm_cc26xx_Timer_setThreshold__I
                          const    0x00001318     0x4  app_ble_prm3.orm3 [2]
                                 - 0x0000131c     0x4

"A25":                                            0x4
  .const_ti_sysbios_rom_ROM_ti_sysbios_family_arm_cc26xx_Timer_start__E
                          const    0x0000131c     0x4  app_ble_prm3.orm3 [2]
                                 - 0x00001320     0x4

"A31":                                            0x4
  .const_ti_sysbios_rom_ROM_ti_sysbios_family_arm_cc26xx_TimestampProvider_get32__E
                          const    0x00001320     0x4  app_ble_prm3.orm3 [2]
                                 - 0x00001324     0x4

"A84":                                            0x4
  .const_ti_sysbios_rom_ROM_xdc_runtime_Startup_getState__I
                          const    0x00001324     0x4  app_ble_prm3.orm3 [2]
                                 - 0x00001328     0x4

"A81":                                            0x4
  .const_ti_sysbios_rom_ROM_xdc_runtime_System_SupportProxy_abort__E
                          const    0x00001328     0x4  app_ble_prm3.orm3 [2]
                                 - 0x0000132c     0x4

"A79":                                            0x4
  .const_ti_sysbios_rom_ROM_xdc_runtime_System_SupportProxy_exit__E
                          const    0x0000132c     0x4  app_ble_prm3.orm3 [2]
                                 - 0x00001330     0x4

"P1", part 2 of 2:                             0x8824
  Veneer                  ro code  0x00001330     0x8  - Linker created -
  Veneer                  ro code  0x00001338     0x8  - Linker created -
  Veneer                  ro code  0x00001340     0x8  - Linker created -
  Veneer                  ro code  0x00001348     0x8  - Linker created -
  Veneer                  ro code  0x00001350     0x8  - Linker created -
  Veneer                  ro code  0x00001358     0x8  - Linker created -
  Veneer                  ro code  0x00001360     0x8  - Linker created -
  Veneer                  ro code  0x00001368     0x8  - Linker created -
  Veneer                  ro code  0x00001370     0x8  - Linker created -
  Veneer                  ro code  0x00001378     0x8  - Linker created -
  Veneer                  ro code  0x00001380     0x8  - Linker created -
  Veneer                  ro code  0x00001388     0x8  - Linker created -
  Veneer                  ro code  0x00001390     0x8  - Linker created -
  Veneer                  ro code  0x00001398     0x8  - Linker created -
  Veneer                  ro code  0x000013a0     0x8  - Linker created -
  Veneer                  ro code  0x000013a8     0x8  - Linker created -
  Veneer                  ro code  0x000013b0     0x8  - Linker created -
  Veneer                  ro code  0x000013b8     0x8  - Linker created -
  .text                   ro code  0x000013c0  0x116c  RFCC26XX_singleMode.orm3 [11]
  .text                   ro code  0x0000252c     0x4  rom_sysbios.obj [12]
  Veneer                  ro code  0x00002530     0x8  - Linker created -
  .text                   ro code  0x00002538    0x18  rom_sysbios.obj [12]
  Veneer                  ro code  0x00002550     0x8  - Linker created -
  Veneer                  ro code  0x00002558     0x8  - Linker created -
  .text                   ro code  0x00002560   0x808  PowerCC26XX.orm3 [9]
  Veneer                  ro code  0x00002d68     0x8  - Linker created -
  .text                   ro code  0x00002d70    0x1e  rom_sysbios.obj [12]
  .text                   ro code  0x00002d8e     0x2  rom_sysbios.obj [12]
  .text                   ro code  0x00002d90    0xa2  rfc.o [8]
  .text                   ro code  0x00002e32     0x2  rom_sysbios.obj [12]
  .text                   ro code  0x00002e34     0xc  rom_sysbios.obj [12]
  .text                   ro code  0x00002e40    0xa6  ABImemcpy.o [13]
  .text                   ro code  0x00002ee6     0x6  rom_sysbios.obj [12]
  .text                   ro code  0x00002eec    0x14  rom_sysbios.obj [12]
  .text                   ro code  0x00002f00     0x6  ABImemclr4.o [13]
  .text                   ro code  0x00002f06    0x56  List.orm3 [9]
  .text                   ro code  0x00002f5c   0x2a4  sys_ctrl.o [8]
  .text                   ro code  0x00003200    0x18  cpu.o [8]
  Veneer                  ro code  0x00003218     0x8  - Linker created -
  .text                   ro code  0x00003220   0x4a0  PowerCC26XX_calibrateRCOSC.orm3 [9]
  .text                   ro code  0x000036c0    0xfc  osc.o [8]
  .text                   ro code  0x000037bc    0x60  rom_sysbios.obj [12]
  .text                   ro code  0x0000381c    0x3a  ABImemset48.o [13]
  .text                   ro code  0x00003856     0x8  HwiP_tirtos.orm3 [7]
  .const_xdc_runtime_Text_charTab__A
                          const    0x0000385e     0x1  app_ble_prm3.orm3 [2]
  .text                   ro code  0x00003860    0x5c  adi.o [8]
  Veneer                  ro code  0x000038bc     0x8  - Linker created -
  Veneer                  ro code  0x000038c4     0x8  - Linker created -
  Veneer                  ro code  0x000038cc     0x8  - Linker created -
  Veneer                  ro code  0x000038d4     0x8  - Linker created -
  .text                   ro code  0x000038dc   0xa22  peripheral.o [1]
  .text                   ro code  0x00004300     0x6  ABImemclr.o [13]
  Veneer                  ro code  0x00004308     0x8  - Linker created -
  Veneer                  ro code  0x00004310     0x8  - Linker created -
  Veneer                  ro code  0x00004318     0x8  - Linker created -
[...]
                        0x200014b8  0x200  Data  Gb  app_ble_prm3.orm3 [2]
ti_sysbios_knl_Task_Instance_finalize__E {Abs}
                        0x1001a059         Data  Gb  command line/config [4]
ti_sysbios_knl_Task_Instance_init__E {Abs}
                        0x10019ce1         Data  Gb  command line/config [4]
ti_sysbios_knl_Task_Module_State_0_idleTask__A
                        0x20000b04    0x4  Data  Gb  app_ble_prm3.orm3 [2]
ti_sysbios_knl_Task_Module_State_0_readyQ__A
                        0x20000ad4   0x30  Data  Gb  app_ble_prm3.orm3 [2]
ti_sysbios_knl_Task_Module__root__V
                        0x20000a80    0x8  Data  Gb  app_ble_prm3.orm3 [2]
ti_sysbios_knl_Task_Module__state__V
                        0x20000100   0x44  Data  Gb  app_ble_prm3.orm3 [2]
ti_sysbios_knl_Task_Module_startup__E {Abs}
                        0x1001aa05         Data  Gb  command line/config [4]
ti_sysbios_knl_Task_Object__DESC__C
                        0x000011d0   0x20  Data  Gb  app_ble_prm3.orm3 [2]
ti_sysbios_knl_Task_Object__PARAMS__C
                        0x00009588   0x3c  Data  Gb  app_ble_prm3.orm3 [2]
ti_sysbios_knl_Task_Object__count__C
                        0x00001268    0x4  Data  Gb  app_ble_prm3.orm3 [2]
ti_sysbios_knl_Task_Object__delete__S {Abs}
                        0x1001bbd9         Data  Gb  command line/config [4]
ti_sysbios_knl_Task_Object__destruct__S {Abs}
                        0x1001bd6d         Data  Gb  command line/config [4]
ti_sysbios_knl_Task_Object__get__S {Abs}
                        0x1001bbf9         Data  Gb  command line/config [4]
ti_sysbios_knl_Task_Object__table__C
                        0x0000126c    0x4  Data  Gb  app_ble_prm3.orm3 [2]
ti_sysbios_knl_Task_Object__table__V
                        0x20000a88   0x4c  Data  Gb  app_ble_prm3.orm3 [2]
ti_sysbios_knl_Task_Params__init__S {Abs}
                        0x1001c021         Data  Gb  command line/config [4]
ti_sysbios_knl_Task_Params_init
                        0x00004439    0xe  Code  Lc  icall.o [1]
ti_sysbios_knl_Task_SupportProxy_Module__startupDone__S {Abs}
                        0x1001c0ad         Data  Gb  command line/config [4]
ti_sysbios_knl_Task_SupportProxy_getStackAlignment__E {Abs}
                        0x1001bf9d         Data  Gb  command line/config [4]
ti_sysbios_knl_Task_SupportProxy_start__E {Abs}
                        0x1001b155         Data  Gb  command line/config [4]
ti_sysbios_knl_Task_SupportProxy_swap__E {Abs}
                        0x1001c969         Data  Gb  command line/config [4]
ti_sysbios_knl_Task_allBlockedFunc__C
                        0x00001270    0x4  Data  Gb  app_ble_prm3.orm3 [2]
ti_sysbios_knl_Task_allBlockedFunction__I {Abs}
                        0x1001b055         Data  Gb  command line/config [4]
ti_sysbios_knl_Task_blockI__E {Abs}
                        0x1001b339         Data  Gb  command line/config [4]
ti_sysbios_knl_Task_construct {Abs}
                        0x1001ae19         Data  Gb  command line/config [4]
ti_sysbios_knl_Task_create {Abs}
                        0x1001accd         Data  Gb  command line/config [4]
ti_sysbios_knl_Task_defaultStackHeap__C
                        0x00001274    0x4  Data  Gb  app_ble_prm3.orm3 [2]
ti_sysbios_knl_Task_defaultStackSize__C
                        0x00001278    0x4  Data  Gb  app_ble_prm3.orm3 [2]
ti_sysbios_knl_Task_delete {Abs}
                        0x1001c11d         Data  Gb  command line/config [4]
ti_sysbios_knl_Task_destruct {Abs}
                        0x1001c121         Data  Gb  command line/config [4]
ti_sysbios_knl_Task_disable__E {Abs}
                        0x1001bf31         Data  Gb  command line/config [4]
ti_sysbios_knl_Task_enable__E {Abs}
                        0x1001c08b         Data  Gb  command line/config [4]
ti_sysbios_knl_Task_enter__I {Abs}
                        0x1001bd89         Data  Gb  command line/config [4]
ti_sysbios_knl_Task_exit__E {Abs}
                        0x1001b119         Data  Gb  command line/config [4]
ti_sysbios_knl_Task_initStackFlag__C
                        0x0000128c    0x2  Data  Gb  app_ble_prm3.orm3 [2]
ti_sysbios_knl_Task_numConstructedTasks__C
                        0x0000127c    0x4  Data  Gb  app_ble_prm3.orm3 [2]
ti_sysbios_knl_Task_postInit__I {Abs}
                        0x1001a271         Data  Gb  command line/config [4]
ti_sysbios_knl_Task_processVitalTaskFlag__I {Abs}
                        0x1001b48d         Data  Gb  command line/config [4]
ti_sysbios_knl_Task_restoreHwi__E {Abs}
                        0x1001bc19         Data  Gb  command line/config [4]
ti_sysbios_knl_Task_restore__E {Abs}
                        0x1001b7f5         Data  Gb  command line/config [4]
ti_sysbios_knl_Task_schedule__I {Abs}
                        0x1001ae69         Data  Gb  command line/config [4]
ti_sysbios_knl_Task_self__E {Abs}
                        0x1001c02d         Data  Gb  command line/config [4]
ti_sysbios_knl_Task_sleepTimeout__I {Abs}
                        0x1001bda5         Data  Gb  command line/config [4]
ti_sysbios_knl_Task_sleep__E {Abs}
                        0x1001a5a5         Data  Gb  command line/config [4]
ti_sysbios_knl_Task_startCore__E {Abs}
                        0x1001aa61         Data  Gb  command line/config [4]
ti_sysbios_knl_Task_startup__E {Abs}
                        0x1001c125         Data  Gb  command line/config [4]
ti_sysbios_knl_Task_swapReturn {Abs}
                        0x1001c971         Data  Gb  command line/config [4]
ti_sysbios_knl_Task_unblockI__E {Abs}
                        0x1001b751         Data  Gb  command line/config [4]
ti_sysbios_knl_Task_unblock__E {Abs}
                        0x1001bdf1         Data  Gb  command line/config [4]
ti_sysbios_knl_Task_yield__E {Abs}
                        0x1001b0d9         Data  Gb  command line/config [4]
ti_sysbios_rom_ROM_ti_sysbios_family_arm_cc26xx_Timer_getCount64__E
                        0x00001304    0x4  Data  Gb  app_ble_prm3.orm3 [2]
ti_sysbios_rom_ROM_ti_sysbios_family_arm_cc26xx_Timer_getCurrentTick__E
                        0x00001308    0x4  Data  Gb  app_ble_prm3.orm3 [2]
ti_sysbios_rom_ROM_ti_sysbios_family_arm_cc26xx_Timer_getMaxTicks__E
                        0x0000130c    0x4  Data  Gb  app_ble_prm3.orm3 [2]
ti_sysbios_rom_ROM_ti_sysbios_family_arm_cc26xx_Timer_initDevice__I
                        0x00001310    0x4  Data  Gb  app_ble_prm3.orm3 [2]
ti_sysbios_rom_ROM_ti_sysbios_family_arm_cc26xx_Timer_setNextTick__E
                        0x00001314    0x4  Data  Gb  app_ble_prm3.orm3 [2]
ti_sysbios_rom_ROM_ti_sysbios_family_arm_cc26xx_Timer_setThreshold__I
                        0x00001318    0x4  Data  Gb  app_ble_prm3.orm3 [2]
ti_sysbios_rom_ROM_ti_sysbios_family_arm_cc26xx_Timer_start__E
                        0x0000131c    0x4  Data  Gb  app_ble_prm3.orm3 [2]
ti_sysbios_rom_ROM_ti_sysbios_family_arm_cc26xx_TimestampProvider_get32__E
                        0x00001320    0x4  Data  Gb  app_ble_prm3.orm3 [2]
ti_sysbios_rom_ROM_xdc_runtime_Startup_getState__I
                        0x00001324    0x4  Data  Gb  app_ble_prm3.orm3 [2]
ti_sysbios_rom_ROM_xdc_runtime_System_SupportProxy_abort__E
                        0x00001328    0x4  Data  Gb  app_ble_prm3.orm3 [2]
ti_sysbios_rom_ROM_xdc_runtime_System_SupportProxy_exit__E
                        0x0000132c    0x4  Data  Gb  app_ble_prm3.orm3 [2]
ti_sysbios_rom_cortexm_cc26xx_r2_CC26xx_badRomLink__E
                        0x00008e63    0x2  Code  Gb  app_ble_prm3.orm3 [2]
ti_sysbios_rom_cortexm_cc26xx_r2_CC26xx_badRomRevision__E
                        0x00008e61    0x2  Code  Gb  app_ble_prm3.orm3 [2]
trngCC26XXObjects       0x20002057    0x1  Data  Gb  board.o [1]
trngDriverTable         0x000094b8    0xc  Data  Gb  icall_user_config.o [1]
uartCC26XXHWAttrs       0x0000931c   0x20  Data  Gb  board.o [1]
uartCC26XXObjects       0x20001898  0x12c  Data  Gb  board.o [1]
uartPostNotify          0x00005a3d   0x10  Code  Lc  UARTCC26XX.orm3 [9]
uartRxPowerConstraint   0x20002055    0x1  Data  Lc  UARTCC26XX.orm3 [9]
uartSemHandle           0x200007d4    0x4  Data  Gb  simple_peripheral.o [1]
uartTxPowerConstraint   0x20002056    0x1  Data  Lc  UARTCC26XX.orm3 [9]
updateTimeoutClock      0x20000534   0x24  Data  Lc  peripheral.o [1]
user0Cfg                0x200004a4   0x10  Data  Gb  main.o [1]
userTime                0x200007c4    0x4  Data  Gb  simple_peripheral.o [1]
writeData               0x00005147   0x2c  Code  Lc  UARTCC26XX.orm3 [9]
writeFinishedDoCallback
                        0x00005211   0x62  Code  Lc  UARTCC26XX.orm3 [9]
writeSemCallback        0x00005137    0x8  Code  Lc  UARTCC26XX.orm3 [9]
writeTxFifoFlush        0x00005273   0x70  Code  Lc  UARTCC26XX.orm3 [9]
xdc_runtime_Assert_E_assertFailed__C
                        0x000012a0    0x4  Data  Gb  app_ble_prm3.orm3 [2]
xdc_runtime_Assert_raise__I {Abs}
                        0x1001c465         Data  Gb  command line/config [4]
xdc_runtime_Core_assignLabel__I {Abs}
                        0x1001c5b9         Data  Gb  command line/config [4]
xdc_runtime_Core_assignParams__I {Abs}
                        0x1001c4ad         Data  Gb  command line/config [4]
xdc_runtime_Core_constructObject__I {Abs}
                        0x1001c4f5         Data  Gb  command line/config [4]
xdc_runtime_Core_createObject__I {Abs}
                        0x1001c2c9         Data  Gb  command line/config [4]
xdc_runtime_Core_deleteObject__I {Abs}
                        0x1001c3b5         Data  Gb  command line/config [4]
xdc_runtime_Core_destructObject__I {Abs}
                        0x1001c6a5         Data  Gb  command line/config [4]
xdc_runtime_Error_E_memory__C
                        0x000012a4    0x4  Data  Gb  app_ble_prm3.orm3 [2]
xdc_runtime_Error_Module__state__V
                        0x20000204    0x2  Data  Gb  app_ble_prm3.orm3 [2]
xdc_runtime_Error_check__E {Abs}
                        0x1001c6bd         Data  Gb  command line/config [4]
xdc_runtime_Error_maxDepth__C
                        0x000012f8    0x2  Data  Gb  app_ble_prm3.orm3 [2]
xdc_runtime_Error_policyFxn__C
                        0x000012a8    0x4  Data  Gb  app_ble_prm3.orm3 [2]
xdc_runtime_Error_policySpin__E {Abs}
                        0x1001c413         Data  Gb  command line/config [4]
xdc_runtime_Error_policy__C
                        0x00001300    0x1  Data  Gb  app_ble_prm3.orm3 [2]
xdc_runtime_Error_raiseHook__C
                        0x000012ac    0x4  Data  Gb  app_ble_prm3.orm3 [2]
xdc_runtime_Error_raiseX__E {Abs}
                        0x1001c66d         Data  Gb  command line/config [4]
xdc_runtime_Gate_enterSystem__E {Abs}
                        0x1001c795         Data  Gb  command line/config [4]
xdc_runtime_Gate_leaveSystem__E {Abs}
                        0x1001c789         Data  Gb  command line/config [4]
xdc_runtime_IGateProvider_Interface__BASE__C
                        0x000012b0    0x4  Data  Gb  app_ble_prm3.orm3 [2]
xdc_runtime_IHeap_Interface__BASE__C
                        0x000012b4    0x4  Data  Gb  app_ble_prm3.orm3 [2]
xdc_runtime_IModule_Interface__BASE__C
                        0x000012b8    0x4  Data  Gb  app_ble_prm3.orm3 [2]
xdc_runtime_Memory_HeapProxy_Handle__label__S {Abs}
                        0x1001ba39         Data  Gb  command line/config [4]
xdc_runtime_Memory_HeapProxy_Object__delete__S {Abs}
                        0x1001ba59         Data  Gb  command line/config [4]
xdc_runtime_Memory_HeapProxy_alloc__E {Abs}
                        0x1001c775         Data  Gb  command line/config [4]
xdc_runtime_Memory_HeapProxy_free__E {Abs}
                        0x1001c77f         Data  Gb  command line/config [4]
xdc_runtime_Memory_Module__id__C
                        0x000012fa    0x2  Data  Gb  app_ble_prm3.orm3 [2]
xdc_runtime_Memory_Module__state__V
                        0x20000200    0x4  Data  Gb  app_ble_prm3.orm3 [2]
xdc_runtime_Memory_alloc__E {Abs}
                        0x1001c349         Data  Gb  command line/config [4]
xdc_runtime_Memory_calloc__E {Abs}
                        0x1001c751         Data  Gb  command line/config [4]
xdc_runtime_Memory_defaultHeapInstance__C
                        0x000012bc    0x4  Data  Gb  app_ble_prm3.orm3 [2]
xdc_runtime_Memory_free__E {Abs}
                        0x1001c705         Data  Gb  command line/config [4]
xdc_runtime_Memory_getMaxDefaultTypeAlign__E {Abs}
                        0x1001c75d         Data  Gb  command line/config [4]
xdc_runtime_Memory_valloc__E {Abs}
                        0x1001c689         Data  Gb  command line/config [4]
xdc_runtime_Startup_Module__state__V
                        0x200001f0    0x8  Data  Gb  app_ble_prm3.orm3 [2]
xdc_runtime_Startup__EXECFXN__C {Abs}
                        0x00000001         Data  Gb  command line/config [4]
xdc_runtime_Startup__RESETFXN__C {Abs}
                        0x00000001         Data  Gb  command line/config [4]
xdc_runtime_Startup_execImpl__C
                        0x000012c0    0x4  Data  Gb  app_ble_prm3.orm3 [2]
xdc_runtime_Startup_exec__E {Abs}
                        0x1001c415         Data  Gb  command line/config [4]
xdc_runtime_Startup_exec__I
                        0x00008db1   0x10  Code  Gb  app_ble_prm3.orm3 [2]
xdc_runtime_Startup_firstFxns__A
                        0x00009b1c   0x10  Data  Gb  app_ble_prm3.orm3 [2]
xdc_runtime_Startup_firstFxns__C
                        0x00001290    0x8  Data  Gb  app_ble_prm3.orm3 [2]
xdc_runtime_Startup_getState__I
                        0x00008d29   0x88  Code  Gb  app_ble_prm3.orm3 [2]
xdc_runtime_Startup_lastFxns__C
                        0x00001298    0x8  Data  Gb  app_ble_prm3.orm3 [2]
xdc_runtime_Startup_maxPasses__C
                        0x000012c4    0x4  Data  Gb  app_ble_prm3.orm3 [2]
xdc_runtime_Startup_reset__I
                        0x00008dc1   0x32  Code  Gb  app_ble_prm3.orm3 [2]
xdc_runtime_Startup_rtsDone__E {Abs}
                        0x1001c769         Data  Gb  command line/config [4]
xdc_runtime_Startup_sfxnRts__A
                        0x00009b08   0x14  Data  Gb  app_ble_prm3.orm3 [2]
xdc_runtime_Startup_sfxnRts__C
                        0x000012c8    0x4  Data  Gb  app_ble_prm3.orm3 [2]
xdc_runtime_Startup_sfxnTab__A
                        0x0000980c   0x24  Data  Gb  app_ble_prm3.orm3 [2]
xdc_runtime_Startup_sfxnTab__C
                        0x000012cc    0x4  Data  Gb  app_ble_prm3.orm3 [2]
xdc_runtime_Startup_startModsFxn__C
                        0x000012d0    0x4  Data  Gb  app_ble_prm3.orm3 [2]
xdc_runtime_Startup_startMods__I {Abs}
                        0x1001c129         Data  Gb  command line/config [4]
xdc_runtime_SysCallback_abortFxn__C
                        0x000012d4    0x4  Data  Gb  app_ble_prm3.orm3 [2]
xdc_runtime_SysCallback_abort__E {Abs}
                        0x1001c715         Data  Gb  command line/config [4]
xdc_runtime_SysCallback_defaultAbort
                        0x00002d8f    0x2  Code  Wk  rom_sysbios.obj [12]
xdc_runtime_SysCallback_defaultExit
                        0x00002e33    0x2  Code  Wk  rom_sysbios.obj [12]
xdc_runtime_SysCallback_exitFxn__C
                        0x000012d8    0x4  Data  Gb  app_ble_prm3.orm3 [2]
xdc_runtime_SysCallback_exit__E {Abs}
                        0x1001c725         Data  Gb  command line/config [4]
xdc_runtime_System_Module_GateProxy_Handle__label__S {Abs}
                        0x1001b999         Data  Gb  command line/config [4]
xdc_runtime_System_Module_GateProxy_Object__delete__S {Abs}
                        0x1001b9b9         Data  Gb  command line/config [4]
xdc_runtime_System_Module_GateProxy_enter__E {Abs}
                        0x1001c799         Data  Gb  command line/config [4]
xdc_runtime_System_Module_GateProxy_leave__E {Abs}
                        0x1001c79d         Data  Gb  command line/config [4]
xdc_runtime_System_Module_GateProxy_query__E {Abs}
                        0x1001c0b1         Data  Gb  command line/config [4]
xdc_runtime_System_Module__state__V
                        0x200001f8    0x8  Data  Gb  app_ble_prm3.orm3 [2]
xdc_runtime_System_Module_startup__E {Abs}
                        0x1001c78f         Data  Gb  command line/config [4]
xdc_runtime_System_SupportProxy_abort__E
                        0x00008e83    0x4  Code  Gb  app_ble_prm3.orm3 [2]
xdc_runtime_System_SupportProxy_exit__E
                        0x00008e87    0x4  Code  Gb  app_ble_prm3.orm3 [2]
xdc_runtime_System_abortFxn__C
                        0x000012dc    0x4  Data  Gb  app_ble_prm3.orm3 [2]
xdc_runtime_System_abortSpin__E {Abs}
                        0x1001c7a1         Data  Gb  command line/config [4]
xdc_runtime_System_abort__E {Abs}
                        0x1001c64d         Data  Gb  command line/config [4]
xdc_runtime_System_atexit__E {Abs}
                        0x1001c581         Data  Gb  command line/config [4]
xdc_runtime_System_exitFxn__C
                        0x000012e0    0x4  Data  Gb  app_ble_prm3.orm3 [2]
xdc_runtime_System_exitSpin__E {Abs}
                        0x1001c7a3         Data  Gb  command line/config [4]
xdc_runtime_System_exit__E {Abs}
                        0x1001c6d5         Data  Gb  command line/config [4]
xdc_runtime_System_maxAtexitHandlers__C
                        0x000012e4    0x4  Data  Gb  app_ble_prm3.orm3 [2]
xdc_runtime_System_processAtExit__E {Abs}
                        0x1001c5ed         Data  Gb  command line/config [4]
xdc_runtime_Text_charCnt__C
                        0x000012fc    0x2  Data  Gb  app_ble_prm3.orm3 [2]
xdc_runtime_Text_charTab__A
                        0x0000385e    0x1  Data  Gb  app_ble_prm3.orm3 [2]
xdc_runtime_Text_charTab__C
                        0x000012e8    0x4  Data  Gb  app_ble_prm3.orm3 [2]
xdc_runtime_Text_cordText__E {Abs}
                        0x1001c621         Data  Gb  command line/config [4]
xdc_runtime_Text_isLoaded__C
                        0x000012fe    0x2  Data  Gb  app_ble_prm3.orm3 [2]
xdc_runtime_Text_nameEmpty__C
                        0x000012ec    0x4  Data  Gb  app_ble_prm3.orm3 [2]
xdc_runtime_Text_nameStatic__C
                        0x000012f0    0x4  Data  Gb  app_ble_prm3.orm3 [2]
xdc_runtime_Text_nameUnknown__C
                        0x000012f4    0x4  Data  Gb  app_ble_prm3.orm3 [2]
xdc_runtime_Text_ropeText__E {Abs}
                        0x1001c6ed         Data  Gb  command line/config [4]
xdc_runtime_Timestamp_SupportProxy_get32__E {Abs}
                        0x1001c735         Data  Gb  command line/config [4]
xdc_runtime_Timestamp_SupportProxy_get64__E {Abs}
                        0x1001b77d         Data  Gb  command line/config [4]
xdc_runtime_Timestamp_SupportProxy_getFreq__E {Abs}
                        0x1001bf6b         Data  Gb  command line/config [4]
xdc_runtime_Timestamp_get32__E {Abs}
                        0x1001c735         Data  Gb  command line/config [4]
xdc_runtime_Timestamp_get64__E {Abs}
                        0x1001b77d         Data  Gb  command line/config [4]
xdc_runtime_Timestamp_getFreq__E {Abs}
                        0x1001bf6b         Data  Gb  command line/config [4]


[1] = C:\ti\simplelink_cc2640r2_sdk_1_35_00_33\examples\rtos\CC2640R2_LAUNCHXL\blestack\fence_slave\tirtos\iar\app\FlashROM\Obj
[2] = C:\ti\simplelink_cc2640r2_sdk_1_35_00_33\examples\rtos\CC2640R2_LAUNCHXL\blestack\fence_slave\tirtos\iar\config\configPkg\package\cfg
[3] = C:\ti\simplelink_cc2640r2_sdk_1_35_00_33\source\ti\blestack\rom\ble_rom_releases\cc26xx_r2\Final_Release
[4] = command line
[5] = boot.arm3
[6] = dl7M_tln.a
[7] = dpl_cc26x0r2.arm3
[8] = driverlib.lib
[9] = drivers_cc26x0r2.arm3
[10] = m7M_tl.a
[11] = rf_singleMode_cc26x0r2.arm3
[12] = rom_sysbios.arm3
[13] = rt7M_tl.a

  33 283 bytes of readonly  code memory
   3 484 bytes of readonly  data memory
   9 353 bytes of readwrite data memory

Errors: none
Warnings: 1
